10:53:26 **** Build of configuration Debug for project nucleo_f411re_uart2_printf_uart6_bt ****
make -j16 all 
arm-none-eabi-gcc "../Core/Src/main.c" -mcpu=cortex-m4 -std=gnu11 -g3 -DDEBUG -DUSE_HAL_DRIVER -DSTM32F411xE -c -I../Core/Inc -I../Drivers/STM32F4xx_HAL_Driver/Inc -I../Drivers/STM32F4xx_HAL_Driver/Inc/Legacy -I../Drivers/CMSIS/Device/ST/STM32F4xx/Include -I../Drivers/CMSIS/Include -O0 -ffunction-sections -fdata-sections -Wall -fstack-usage -fcyclomatic-complexity -MMD -MP -MF"Core/Src/main.d" -MT"Core/Src/main.o" --specs=nano.specs -mfpu=fpv4-sp-d16 -mfloat-abi=hard -mthumb -o "Core/Src/main.o"
arm-none-eabi-gcc -o "nucleo_f411re_uart2_printf_uart6_bt.elf" @"objects.list"   -mcpu=cortex-m4 -T"C:\Users\kim20\STM32CubeIDE\nucleo_f411re_uart2_printf_uart6_bt\STM32F411RETX_FLASH.ld" --specs=nosys.specs -Wl,-Map="nucleo_f411re_uart2_printf_uart6_bt.map" -Wl,--gc-sections -static --specs=nano.specs -mfpu=fpv4-sp-d16 -mfloat-abi=hard -mthumb -Wl,--start-group -lc -lm -Wl,--end-group
Finished building target: nucleo_f411re_uart2_printf_uart6_bt.elf
 
arm-none-eabi-size  nucleo_f411re_uart2_printf_uart6_bt.elf 
arm-none-eabi-objdump -h -S nucleo_f411re_uart2_printf_uart6_bt.elf  > "nucleo_f411re_uart2_printf_uart6_bt.list"
   text	   data	    bss	    dec	    hex	filename
  18172	    104	   2168	  20444	   4fdc	nucleo_f411re_uart2_printf_uart6_bt.elf
Finished building: default.size.stdout
 
Finished building: nucleo_f411re_uart2_printf_uart6_bt.list
 

10:53:27 Build Finished. 0 errors, 0 warnings. (took 594ms)

