../Core/Src/esp.c:33:5:esp_at_command	24	static
../Core/Src/esp.c:69:5:esp_read_line	40	static
../Core/Src/esp.c:107:12:esp_reset	16	static
../Core/Src/esp.c:119:12:esp_get_ip_addr	32	static
../Core/Src/esp.c:166:12:request_ip_addr	32	static
../Core/Src/esp.c:203:5:esp_client_conn	80	static
../Core/Src/esp.c:220:5:esp_get_status	16	static
../Core/Src/esp.c:232:6:drv_esp_init	16	static
../Core/Src/esp.c:247:6:reset_func	8	static
../Core/Src/esp.c:256:6:version_func	16	static
../Core/Src/esp.c:269:6:ap_conn_func	88	static
../Core/Src/esp.c:285:6:ip_state_func	16	static
../Core/Src/esp.c:301:6:HAL_UART_RxCpltCallback	16	static
../Core/Src/esp.c:332:6:AiotClient_Init	16	static
../Core/Src/esp.c:350:6:esp_send_data	88	static
../Core/Src/esp.c:363:5:drv_uart_init	8	static
../Core/Src/esp.c:369:5:drv_uart_tx_buffer	16	static
../Core/Src/esp.c:376:5:__io_putchar	16	static
../Core/Src/esp.c:384:5:parse_cipsntptime_line	112	static
../Core/Src/esp.c:427:5:esp_ntp_config	136	static
../Core/Src/esp.c:438:5:esp_link1_tcp_probe	152	static
