Archive member included to satisfy reference by file (symbol)

C:/ST/STM32CubeIDE_1.19.0/STM32CubeIDE/plugins/com.st.stm32cube.ide.mcu.externaltools.gnu-tools-for-stm32.13.3.rel1.win32_1.0.0.202411081344/tools/bin/../lib/gcc/arm-none-eabi/13.3.1/../../../../arm-none-eabi/lib/thumb/v7e-m+fp/hard\libc_nano.a(libc_a-atof.o)
                              ./Core/Src/Weather_Task.o (atof)
C:/ST/STM32CubeIDE_1.19.0/STM32CubeIDE/plugins/com.st.stm32cube.ide.mcu.externaltools.gnu-tools-for-stm32.13.3.rel1.win32_1.0.0.202411081344/tools/bin/../lib/gcc/arm-none-eabi/13.3.1/../../../../arm-none-eabi/lib/thumb/v7e-m+fp/hard\libc_nano.a(libc_a-atoi.o)
                              ./Core/Src/Command_Task.o (atoi)
C:/ST/STM32CubeIDE_1.19.0/STM32CubeIDE/plugins/com.st.stm32cube.ide.mcu.externaltools.gnu-tools-for-stm32.13.3.rel1.win32_1.0.0.202411081344/tools/bin/../lib/gcc/arm-none-eabi/13.3.1/../../../../arm-none-eabi/lib/thumb/v7e-m+fp/hard\libc_nano.a(libc_a-exit.o)
                              C:/ST/STM32CubeIDE_1.19.0/STM32CubeIDE/plugins/com.st.stm32cube.ide.mcu.externaltools.gnu-tools-for-stm32.13.3.rel1.win32_1.0.0.202411081344/tools/bin/../lib/gcc/arm-none-eabi/13.3.1/../../../../arm-none-eabi/lib/thumb/v7e-m+fp/hard/crt0.o (exit)
C:/ST/STM32CubeIDE_1.19.0/STM32CubeIDE/plugins/com.st.stm32cube.ide.mcu.externaltools.gnu-tools-for-stm32.13.3.rel1.win32_1.0.0.202411081344/tools/bin/../lib/gcc/arm-none-eabi/13.3.1/../../../../arm-none-eabi/lib/thumb/v7e-m+fp/hard\libc_nano.a(libc_a-strtod.o)
                              C:/ST/STM32CubeIDE_1.19.0/STM32CubeIDE/plugins/com.st.stm32cube.ide.mcu.externaltools.gnu-tools-for-stm32.13.3.rel1.win32_1.0.0.202411081344/tools/bin/../lib/gcc/arm-none-eabi/13.3.1/../../../../arm-none-eabi/lib/thumb/v7e-m+fp/hard\libc_nano.a(libc_a-atof.o) (strtod)
C:/ST/STM32CubeIDE_1.19.0/STM32CubeIDE/plugins/com.st.stm32cube.ide.mcu.externaltools.gnu-tools-for-stm32.13.3.rel1.win32_1.0.0.202411081344/tools/bin/../lib/gcc/arm-none-eabi/13.3.1/../../../../arm-none-eabi/lib/thumb/v7e-m+fp/hard\libc_nano.a(libc_a-strtol.o)
                              C:/ST/STM32CubeIDE_1.19.0/STM32CubeIDE/plugins/com.st.stm32cube.ide.mcu.externaltools.gnu-tools-for-stm32.13.3.rel1.win32_1.0.0.202411081344/tools/bin/../lib/gcc/arm-none-eabi/13.3.1/../../../../arm-none-eabi/lib/thumb/v7e-m+fp/hard\libc_nano.a(libc_a-atoi.o) (_strtol_r)
C:/ST/STM32CubeIDE_1.19.0/STM32CubeIDE/plugins/com.st.stm32cube.ide.mcu.externaltools.gnu-tools-for-stm32.13.3.rel1.win32_1.0.0.202411081344/tools/bin/../lib/gcc/arm-none-eabi/13.3.1/../../../../arm-none-eabi/lib/thumb/v7e-m+fp/hard\libc_nano.a(libc_a-ctype_.o)
                              C:/ST/STM32CubeIDE_1.19.0/STM32CubeIDE/plugins/com.st.stm32cube.ide.mcu.externaltools.gnu-tools-for-stm32.13.3.rel1.win32_1.0.0.202411081344/tools/bin/../lib/gcc/arm-none-eabi/13.3.1/../../../../arm-none-eabi/lib/thumb/v7e-m+fp/hard\libc_nano.a(libc_a-strtol.o) (_ctype_)
C:/ST/STM32CubeIDE_1.19.0/STM32CubeIDE/plugins/com.st.stm32cube.ide.mcu.externaltools.gnu-tools-for-stm32.13.3.rel1.win32_1.0.0.202411081344/tools/bin/../lib/gcc/arm-none-eabi/13.3.1/../../../../arm-none-eabi/lib/thumb/v7e-m+fp/hard\libc_nano.a(libc_a-nano-vfprintf_float.o)
                              (_printf_float)
C:/ST/STM32CubeIDE_1.19.0/STM32CubeIDE/plugins/com.st.stm32cube.ide.mcu.externaltools.gnu-tools-for-stm32.13.3.rel1.win32_1.0.0.202411081344/tools/bin/../lib/gcc/arm-none-eabi/13.3.1/../../../../arm-none-eabi/lib/thumb/v7e-m+fp/hard\libc_nano.a(libc_a-nano-vfprintf_i.o)
                              C:/ST/STM32CubeIDE_1.19.0/STM32CubeIDE/plugins/com.st.stm32cube.ide.mcu.externaltools.gnu-tools-for-stm32.13.3.rel1.win32_1.0.0.202411081344/tools/bin/../lib/gcc/arm-none-eabi/13.3.1/../../../../arm-none-eabi/lib/thumb/v7e-m+fp/hard\libc_nano.a(libc_a-nano-vfprintf_float.o) (_printf_common)
C:/ST/STM32CubeIDE_1.19.0/STM32CubeIDE/plugins/com.st.stm32cube.ide.mcu.externaltools.gnu-tools-for-stm32.13.3.rel1.win32_1.0.0.202411081344/tools/bin/../lib/gcc/arm-none-eabi/13.3.1/../../../../arm-none-eabi/lib/thumb/v7e-m+fp/hard\libc_nano.a(libc_a-findfp.o)
                              C:/ST/STM32CubeIDE_1.19.0/STM32CubeIDE/plugins/com.st.stm32cube.ide.mcu.externaltools.gnu-tools-for-stm32.13.3.rel1.win32_1.0.0.202411081344/tools/bin/../lib/gcc/arm-none-eabi/13.3.1/../../../../arm-none-eabi/lib/thumb/v7e-m+fp/hard\libc_nano.a(libc_a-exit.o) (__stdio_exit_handler)
C:/ST/STM32CubeIDE_1.19.0/STM32CubeIDE/plugins/com.st.stm32cube.ide.mcu.externaltools.gnu-tools-for-stm32.13.3.rel1.win32_1.0.0.202411081344/tools/bin/../lib/gcc/arm-none-eabi/13.3.1/../../../../arm-none-eabi/lib/thumb/v7e-m+fp/hard\libc_nano.a(libc_a-fwalk.o)
                              C:/ST/STM32CubeIDE_1.19.0/STM32CubeIDE/plugins/com.st.stm32cube.ide.mcu.externaltools.gnu-tools-for-stm32.13.3.rel1.win32_1.0.0.202411081344/tools/bin/../lib/gcc/arm-none-eabi/13.3.1/../../../../arm-none-eabi/lib/thumb/v7e-m+fp/hard\libc_nano.a(libc_a-findfp.o) (_fwalk_sglue)
[...]
Memory Configuration

Name             Origin             Length             Attributes
RAM              0x20000000         0x00020000         xrw
FLASH            0x08000000         0x00080000         xr
*default*        0x00000000         0xffffffff

Linker script and memory map

LOAD C:/ST/STM32CubeIDE_1.19.0/STM32CubeIDE/plugins/com.st.stm32cube.ide.mcu.externaltools.gnu-tools-for-stm32.13.3.rel1.win32_1.0.0.202411081344/tools/bin/../lib/gcc/arm-none-eabi/13.3.1/thumb/v7e-m+fp/hard/crti.o
LOAD C:/ST/STM32CubeIDE_1.19.0/STM32CubeIDE/plugins/com.st.stm32cube.ide.mcu.externaltools.gnu-tools-for-stm32.13.3.rel1.win32_1.0.0.202411081344/tools/bin/../lib/gcc/arm-none-eabi/13.3.1/thumb/v7e-m+fp/hard/crtbegin.o
LOAD C:/ST/STM32CubeIDE_1.19.0/STM32CubeIDE/plugins/com.st.stm32cube.ide.mcu.externaltools.gnu-tools-for-stm32.13.3.rel1.win32_1.0.0.202411081344/tools/bin/../lib/gcc/arm-none-eabi/13.3.1/../../../../arm-none-eabi/lib/thumb/v7e-m+fp/hard/crt0.o
LOAD ./Core/Src/Aiot_Task.o
LOAD ./Core/Src/Command_Task.o
LOAD ./Core/Src/LCD_Task.o
LOAD ./Core/Src/NTP_Task.o
LOAD ./Core/Src/PIR_Task.o
LOAD ./Core/Src/RFID_Task.o
LOAD ./Core/Src/Schedule_Task.o
LOAD ./Core/Src/Servo.o
LOAD ./Core/Src/TH_Task.o
LOAD ./Core/Src/Weather_Task.o
LOAD ./Core/Src/dht11.o
LOAD ./Core/Src/esp.o
LOAD ./Core/Src/freertos.o
LOAD ./Core/Src/lcd.o
LOAD ./Core/Src/main.o
LOAD ./Core/Src/mfrc522.o
LOAD ./Core/Src/stm32f4xx_hal_msp.o
LOAD ./Core/Src/stm32f4xx_it.o
LOAD ./Core/Src/syscalls.o
LOAD ./Core/Src/sysmem.o
LOAD ./Core/Src/system_stm32f4xx.o
LOAD ./Core/Startup/startup_stm32f411retx.o
LOAD ./Drivers/STM32F4xx_HAL_Driver/Src/stm32f4xx_hal.o
LOAD ./Drivers/STM32F4xx_HAL_Driver/Src/stm32f4xx_hal_cortex.o
LOAD ./Drivers/STM32F4xx_HAL_Driver/Src/stm32f4xx_hal_dma.o
LOAD ./Drivers/STM32F4xx_HAL_Driver/Src/stm32f4xx_hal_dma_ex.o
LOAD ./Drivers/STM32F4xx_HAL_Driver/Src/stm32f4xx_hal_exti.o
LOAD ./Drivers/STM32F4xx_HAL_Driver/Src/stm32f4xx_hal_flash.o
LOAD ./Drivers/STM32F4xx_HAL_Driver/Src/stm32f4xx_hal_flash_ex.o
LOAD ./Drivers/STM32F4xx_HAL_Driver/Src/stm32f4xx_hal_flash_ramfunc.o
LOAD ./Drivers/STM32F4xx_HAL_Driver/Src/stm32f4xx_hal_gpio.o
LOAD ./Drivers/STM32F4xx_HAL_Driver/Src/stm32f4xx_hal_i2c.o
LOAD ./Drivers/STM32F4xx_HAL_Driver/Src/stm32f4xx_hal_i2c_ex.o
LOAD ./Drivers/STM32F4xx_HAL_Driver/Src/stm32f4xx_hal_pwr.o
LOAD ./Drivers/STM32F4xx_HAL_Driver/Src/stm32f4xx_hal_pwr_ex.o
LOAD ./Drivers/STM32F4xx_HAL_Driver/Src/stm32f4xx_hal_rcc.o
LOAD ./Drivers/STM32F4xx_HAL_Driver/Src/stm32f4xx_hal_rcc_ex.o
LOAD ./Drivers/STM32F4xx_HAL_Driver/Src/stm32f4xx_hal_rtc.o
LOAD ./Drivers/STM32F4xx_HAL_Driver/Src/stm32f4xx_hal_rtc_ex.o
LOAD ./Drivers/STM32F4xx_HAL_Driver/Src/stm32f4xx_hal_spi.o
LOAD ./Drivers/STM32F4xx_HAL_Driver/Src/stm32f4xx_hal_tim.o
LOAD ./Drivers/STM32F4xx_HAL_Driver/Src/stm32f4xx_hal_tim_ex.o
LOAD ./Drivers/STM32F4xx_HAL_Driver/Src/stm32f4xx_hal_uart.o
LOAD ./Middlewares/Third_Party/FreeRTOS/Source/CMSIS_RTOS_V2/cmsis_os2.o
LOAD ./Middlewares/Third_Party/FreeRTOS/Source/croutine.o
LOAD ./Middlewares/Third_Party/FreeRTOS/Source/event_groups.o
LOAD ./Middlewares/Third_Party/FreeRTOS/Source/list.o
LOAD ./Middlewares/Third_Party/FreeRTOS/Source/queue.o
LOAD ./Middlewares/Third_Party/FreeRTOS/Source/stream_buffer.o
LOAD ./Middlewares/Third_Party/FreeRTOS/Source/tasks.o
LOAD ./Middlewares/Third_Party/FreeRTOS/Source/timers.o
LOAD ./Middlewares/Third_Party/FreeRTOS/Source/portable/GCC/ARM_CM4F/port.o
LOAD ./Middlewares/Third_Party/FreeRTOS/Source/portable/MemMang/heap_4.o
START GROUP
LOAD C:/ST/STM32CubeIDE_1.19.0/STM32CubeIDE/plugins/com.st.stm32cube.ide.mcu.externaltools.gnu-tools-for-stm32.13.3.rel1.win32_1.0.0.202411081344/tools/bin/../lib/gcc/arm-none-eabi/13.3.1/../../../../arm-none-eabi/lib/thumb/v7e-m+fp/hard\libc_nano.a
LOAD C:/ST/STM32CubeIDE_1.19.0/STM32CubeIDE/plugins/com.st.stm32cube.ide.mcu.externaltools.gnu-tools-for-stm32.13.3.rel1.win32_1.0.0.202411081344/tools/bin/../lib/gcc/arm-none-eabi/13.3.1/../../../../arm-none-eabi/lib/thumb/v7e-m+fp/hard\libm.a
END GROUP
START GROUP
LOAD C:/ST/STM32CubeIDE_1.19.0/STM32CubeIDE/plugins/com.st.stm32cube.ide.mcu.externaltools.gnu-tools-for-stm32.13.3.rel1.win32_1.0.0.202411081344/tools/bin/../lib/gcc/arm-none-eabi/13.3.1/thumb/v7e-m+fp/hard\libgcc.a
LOAD C:/ST/STM32CubeIDE_1.19.0/STM32CubeIDE/plugins/com.st.stm32cube.ide.mcu.externaltools.gnu-tools-for-stm32.13.3.rel1.win32_1.0.0.202411081344/tools/bin/../lib/gcc/arm-none-eabi/13.3.1/../../../../arm-none-eabi/lib/thumb/v7e-m+fp/hard\libc_nano.a
END GROUP
START GROUP
LOAD C:/ST/STM32CubeIDE_1.19.0/STM32CubeIDE/plugins/com.st.stm32cube.ide.mcu.externaltools.gnu-tools-for-stm32.13.3.rel1.win32_1.0.0.202411081344/tools/bin/../lib/gcc/arm-none-eabi/13.3.1/thumb/v7e-m+fp/hard\libgcc.a
LOAD C:/ST/STM32CubeIDE_1.19.0/STM32CubeIDE/plugins/com.st.stm32cube.ide.mcu.externaltools.gnu-tools-for-stm32.13.3.rel1.win32_1.0.0.202411081344/tools/bin/../lib/gcc/arm-none-eabi/13.3.1/../../../../arm-none-eabi/lib/thumb/v7e-m+fp/hard\libc_nano.a
LOAD C:/ST/STM32CubeIDE_1.19.0/STM32CubeIDE/plugins/com.st.stm32cube.ide.mcu.externaltools.gnu-tools-for-stm32.13.3.rel1.win32_1.0.0.202411081344/tools/bin/../lib/gcc/arm-none-eabi/13.3.1/../../../../arm-none-eabi/lib/thumb/v7e-m+fp/hard\libnosys.a
END GROUP
START GROUP
LOAD C:/ST/STM32CubeIDE_1.19.0/STM32CubeIDE/plugins/com.st.stm32cube.ide.mcu.externaltools.gnu-tools-for-stm32.13.3.rel1.win32_1.0.0.202411081344/tools/bin/../lib/gcc/arm-none-eabi/13.3.1/thumb/v7e-m+fp/hard\libgcc.a
LOAD C:/ST/STM32CubeIDE_1.19.0/STM32CubeIDE/plugins/com.st.stm32cube.ide.mcu.externaltools.gnu-tools-for-stm32.13.3.rel1.win32_1.0.0.202411081344/tools/bin/../lib/gcc/arm-none-eabi/13.3.1/../../../../arm-none-eabi/lib/thumb/v7e-m+fp/hard\libc_nano.a
LOAD C:/ST/STM32CubeIDE_1.19.0/STM32CubeIDE/plugins/com.st.stm32cube.ide.mcu.externaltools.gnu-tools-for-stm32.13.3.rel1.win32_1.0.0.202411081344/tools/bin/../lib/gcc/arm-none-eabi/13.3.1/../../../../arm-none-eabi/lib/thumb/v7e-m+fp/hard\libnosys.a
END GROUP
LOAD C:/ST/STM32CubeIDE_1.19.0/STM32CubeIDE/plugins/com.st.stm32cube.ide.mcu.externaltools.gnu-tools-for-stm32.13.3.rel1.win32_1.0.0.202411081344/tools/bin/../lib/gcc/arm-none-eabi/13.3.1/thumb/v7e-m+fp/hard/crtend.o
LOAD C:/ST/STM32CubeIDE_1.19.0/STM32CubeIDE/plugins/com.st.stm32cube.ide.mcu.externaltools.gnu-tools-for-stm32.13.3.rel1.win32_1.0.0.202411081344/tools/bin/../lib/gcc/arm-none-eabi/13.3.1/thumb/v7e-m+fp/hard/crtn.o
                0x20020000                        _estack = (ORIGIN (RAM) + LENGTH (RAM))
                0x00000200                        _Min_Heap_Size = 0x200
                0x00000400                        _Min_Stack_Size = 0x400

.isr_vector     0x08000000      0x198
                0x08000000                        . = ALIGN (0x4)
 *(.isr_vector)
 .isr_vector    0x08000000      0x198 ./Core/Startup/startup_stm32f411retx.o
                0x08000000                g_pfnVectors
                0x08000198                        . = ALIGN (0x4)

.text           0x080001a0    0x12eb4
                0x080001a0                        . = ALIGN (0x4)
 *(.text)
 .text          0x080001a0       0x40 C:/ST/STM32CubeIDE_1.19.0/STM32CubeIDE/plugins/com.st.stm32cube.ide.mcu.externaltools.gnu-tools-for-stm32.13.3.rel1.win32_1.0.0.202411081344/tools/bin/../lib/gcc/arm-none-eabi/13.3.1/thumb/v7e-m+fp/hard/crtbegin.o
 .text          0x080001e0       0x14 C:/ST/STM32CubeIDE_1.19.0/STM32CubeIDE/plugins/com.st.stm32cube.ide.mcu.externaltools.gnu-tools-for-stm32.13.3.rel1.win32_1.0.0.202411081344/tools/bin/../lib/gcc/arm-none-eabi/13.3.1/../../../../arm-none-eabi/lib/thumb/v7e-m+fp/hard\libc_nano.a(libc_a-strcmp.o)
                0x080001e0                strcmp
 *fill*         0x080001f4        0xc 
 .text          0x08000200       0xa0 C:/ST/STM32CubeIDE_1.19.0/STM32CubeIDE/plugins/com.st.stm32cube.ide.mcu.externaltools.gnu-tools-for-stm32.13.3.rel1.win32_1.0.0.202411081344/tools/bin/../lib/gcc/arm-none-eabi/13.3.1/../../../../arm-none-eabi/lib/thumb/v7e-m+fp/hard\libc_nano.a(libc_a-memchr.o)
                0x08000200                memchr
 .text          0x080002a0       0x10 C:/ST/STM32CubeIDE_1.19.0/STM32CubeIDE/plugins/com.st.stm32cube.ide.mcu.externaltools.gnu-tools-for-stm32.13.3.rel1.win32_1.0.0.202411081344/tools/bin/../lib/gcc/arm-none-eabi/13.3.1/../../../../arm-none-eabi/lib/thumb/v7e-m+fp/hard\libc_nano.a(libc_a-strlen.o)
                0x080002a0                strlen
 .text          0x080002b0      0x378 C:/ST/STM32CubeIDE_1.19.0/STM32CubeIDE/plugins/com.st.stm32cube.ide.mcu.externaltools.gnu-tools-for-stm32.13.3.rel1.win32_1.0.0.202411081344/tools/bin/../lib/gcc/arm-none-eabi/13.3.1/thumb/v7e-m+fp/hard\libgcc.a(_arm_addsubdf3.o)
                0x080002b0                __aeabi_drsub
                0x080002b8                __aeabi_dsub
                0x080002b8                __subdf3
                0x080002bc                __aeabi_dadd
                0x080002bc                __adddf3
                0x08000534                __floatunsidf
                0x08000534                __aeabi_ui2d
                0x08000554                __floatsidf
                0x08000554                __aeabi_i2d
                0x08000578                __aeabi_f2d
                0x08000578                __extendsfdf2
                0x080005bc                __floatundidf
                0x080005bc                __aeabi_ul2d
                0x080005cc                __floatdidf
                0x080005cc                __aeabi_l2d
 .text          0x08000628      0x424 C:/ST/STM32CubeIDE_1.19.0/STM32CubeIDE/plugins/com.st.stm32cube.ide.mcu.externaltools.gnu-tools-for-stm32.13.3.rel1.win32_1.0.0.202411081344/tools/bin/../lib/gcc/arm-none-eabi/13.3.1/thumb/v7e-m+fp/hard\libgcc.a(_arm_muldivdf3.o)
                0x08000628                __aeabi_dmul
                0x08000628                __muldf3
                0x0800087c                __divdf3
                0x0800087c                __aeabi_ddiv
 .text          0x08000a4c      0x110 C:/ST/STM32CubeIDE_1.19.0/STM32CubeIDE/plugins/com.st.stm32cube.ide.mcu.externaltools.gnu-tools-for-stm32.13.3.rel1.win32_1.0.0.202411081344/tools/bin/../lib/gcc/arm-none-eabi/13.3.1/thumb/v7e-m+fp/hard\libgcc.a(_arm_cmpdf2.o)
                0x08000a4c                __gtdf2
                0x08000a4c                __gedf2
                0x08000a54                __ltdf2
                0x08000a54                __ledf2
                0x08000a5c                __nedf2
                0x08000a5c                __eqdf2
                0x08000a5c                __cmpdf2
                0x08000ad8                __aeabi_cdrcmple
                0x08000ae8                __aeabi_cdcmpeq
                0x08000ae8                __aeabi_cdcmple
                0x08000af8                __aeabi_dcmpeq
                0x08000b0c                __aeabi_dcmplt
                0x08000b20                __aeabi_dcmple
                0x08000b34                __aeabi_dcmpge
                0x08000b48                __aeabi_dcmpgt
 .text          0x08000b5c       0x2c C:/ST/STM32CubeIDE_1.19.0/STM32CubeIDE/plugins/com.st.stm32cube.ide.mcu.externaltools.gnu-tools-for-stm32.13.3.rel1.win32_1.0.0.202411081344/tools/bin/../lib/gcc/arm-none-eabi/13.3.1/thumb/v7e-m+fp/hard\libgcc.a(_arm_unorddf2.o)
                0x08000b5c                __unorddf2
                0x08000b5c                __aeabi_dcmpun
 .text          0x08000b88       0x50 C:/ST/STM32CubeIDE_1.19.0/STM32CubeIDE/plugins/com.st.stm32cube.ide.mcu.externaltools.gnu-tools-for-stm32.13.3.rel1.win32_1.0.0.202411081344/tools/bin/../lib/gcc/arm-none-eabi/13.3.1/thumb/v7e-m+fp/hard\libgcc.a(_arm_fixdfsi.o)
                0x08000b88                __aeabi_d2iz
                0x08000b88                __fixdfsi
 .text          0x08000bd8       0x40 C:/ST/STM32CubeIDE_1.19.0/STM32CubeIDE/plugins/com.st.stm32cube.ide.mcu.externaltools.gnu-tools-for-stm32.13.3.rel1.win32_1.0.0.202411081344/tools/bin/../lib/gcc/arm-none-eabi/13.3.1/thumb/v7e-m+fp/hard\libgcc.a(_arm_fixunsdfsi.o)
                0x08000bd8                __aeabi_d2uiz
                0x08000bd8                __fixunsdfsi
 .text          0x08000c18       0xa0 C:/ST/STM32CubeIDE_1.19.0/STM32CubeIDE/plugins/com.st.stm32cube.ide.mcu.externaltools.gnu-tools-for-stm32.13.3.rel1.win32_1.0.0.202411081344/tools/bin/../lib/gcc/arm-none-eabi/13.3.1/thumb/v7e-m+fp/hard\libgcc.a(_arm_truncdfsf2.o)
                0x08000c18                __truncdfsf2
                0x08000c18                __aeabi_d2f
 .text          0x08000cb8       0xa0 C:/ST/STM32CubeIDE_1.19.0/STM32CubeIDE/plugins/com.st.stm32cube.ide.mcu.externaltools.gnu-tools-for-stm32.13.3.rel1.win32_1.0.0.202411081344/tools/bin/../lib/gcc/arm-none-eabi/13.3.1/thumb/v7e-m+fp/hard\libgcc.a(_aeabi_ldivmod.o)
                0x08000cb8                __aeabi_ldivmod
 .text          0x08000d58       0x30 C:/ST/STM32CubeIDE_1.19.0/STM32CubeIDE/plugins/com.st.stm32cube.ide.mcu.externaltools.gnu-tools-for-stm32.13.3.rel1.win32_1.0.0.202411081344/tools/bin/../lib/gcc/arm-none-eabi/13.3.1/thumb/v7e-m+fp/hard\libgcc.a(_aeabi_uldivmod.o)
                0x08000d58                __aeabi_uldivmod
 .text          0x08000d88       0x30 C:/ST/STM32CubeIDE_1.19.0/STM32CubeIDE/plugins/com.st.stm32cube.ide.mcu.externaltools.gnu-tools-for-stm32.13.3.rel1.win32_1.0.0.202411081344/tools/bin/../lib/gcc/arm-none-eabi/13.3.1/thumb/v7e-m+fp/hard\libgcc.a(_fixdfdi.o)
                0x08000d88                __fixdfdi
                0x08000d88                __aeabi_d2lz
 .text          0x08000db8       0x3c C:/ST/STM32CubeIDE_1.19.0/STM32CubeIDE/plugins/com.st.stm32cube.ide.mcu.externaltools.gnu-tools-for-stm32.13.3.rel1.win32_1.0.0.202411081344/tools/bin/../lib/gcc/arm-none-eabi/13.3.1/thumb/v7e-m+fp/hard\libgcc.a(_fixunsdfdi.o)
                0x08000db8                __fixunsdfdi
                0x08000db8                __aeabi_d2ulz
 .text          0x08000df4      0x2f8 C:/ST/STM32CubeIDE_1.19.0/STM32CubeIDE/plugins/com.st.stm32cube.ide.mcu.externaltools.gnu-tools-for-stm32.13.3.rel1.win32_1.0.0.202411081344/tools/bin/../lib/gcc/arm-none-eabi/13.3.1/thumb/v7e-m+fp/hard\libgcc.a(_udivmoddi4.o)
                0x08000df4                __udivmoddi4
 .text          0x080010ec        0x4 C:/ST/STM32CubeIDE_1.19.0/STM32CubeIDE/plugins/com.st.stm32cube.ide.mcu.externaltools.gnu-tools-for-stm32.13.3.rel1.win32_1.0.0.202411081344/tools/bin/../lib/gcc/arm-none-eabi/13.3.1/thumb/v7e-m+fp/hard\libgcc.a(_dvmd_tls.o)
                0x080010ec                __aeabi_idiv0
                0x080010ec                __aeabi_ldiv0
 *(.text*)
 .text.Aiot_Task
                0x080010f0       0x78 ./Core/Src/Aiot_Task.o
                0x080010f0                Aiot_Task
 .text.LED1_ON  0x08001168       0x18 ./Core/Src/Command_Task.o
 .text.LED1_OFF
                0x08001180       0x18 ./Core/Src/Command_Task.o
 .text.LED2_ON  0x08001198       0x18 ./Core/Src/Command_Task.o
 .text.LED2_OFF
                0x080011b0       0x18 ./Core/Src/Command_Task.o
 .text.FAN_ON   0x080011c8       0x18 ./Core/Src/Command_Task.o
 .text.FAN_OFF  0x080011e0       0x18 ./Core/Src/Command_Task.o
 .text._is_digits_4
                0x080011f8       0x74 ./Core/Src/Command_Task.o
 .text.esp_event
                0x0800126c      0x450 ./Core/Src/Command_Task.o
                0x0800126c                esp_event
 .text.try_extract_ipd_payload
                0x080016bc      0x1dc ./Core/Src/Command_Task.o
 .text.Command_Task
                0x08001898       0x7c ./Core/Src/Command_Task.o
                0x08001898                Command_Task
 .text.pty_text
                0x08001914       0x88 ./Core/Src/LCD_Task.o
 .text.LCD_Task
                0x0800199c      0x204 ./Core/Src/LCD_Task.o
                0x0800199c                LCD_Task
 .text.NTP_Task
                0x08001ba0      0x118 ./Core/Src/NTP_Task.o
                0x08001ba0                NTP_Task
 .text.LED1_ON  0x08001cb8       0x18 ./Core/Src/PIR_Task.o
 .text.LED1_OFF
                0x08001cd0       0x18 ./Core/Src/PIR_Task.o
 .text.LED2_ON  0x08001ce8       0x18 ./Core/Src/PIR_Task.o
 .text.LED2_OFF
                0x08001d00       0x18 ./Core/Src/PIR_Task.o
 .text.FAN_ON   0x08001d18       0x18 ./Core/Src/PIR_Task.o
 .text.FAN_OFF  0x08001d30       0x18 ./Core/Src/PIR_Task.o
 .text.MS2T     0x08001d48       0x50 ./Core/Src/PIR_Task.o
 .text.PIR_ArmIdleTimer
                0x08001d98       0x18 ./Core/Src/PIR_Task.o
                0x08001d98                PIR_ArmIdleTimer
 .text.PIR_Task
                0x08001db0      0x174 ./Core/Src/PIR_Task.o
                0x08001db0                PIR_Task
 .text.LED1_ON  0x08001f24       0x18 ./Core/Src/RFID_Task.o
 .text.LED2_ON  0x08001f3c       0x18 ./Core/Src/RFID_Task.o
 .text.FAN_ON   0x08001f54       0x18 ./Core/Src/RFID_Task.o
 .text.is_allowed
                0x08001f6c       0x48 ./Core/Src/RFID_Task.o
 .text.RFID_Task
                0x08001fb4       0x60 ./Core/Src/RFID_Task.o
                0x08001fb4                RFID_Task
 .text.LED1_ON  0x08002014       0x18 ./Core/Src/Schedule_Task.o
 .text.LED2_ON  0x0800202c       0x18 ./Core/Src/Schedule_Task.o
 .text.FAN_ON   0x08002044       0x18 ./Core/Src/Schedule_Task.o
 .text.Schedule_Init
                0x0800205c       0x24 ./Core/Src/Schedule_Task.o
                0x0800205c                Schedule_Init
 .text.Schedule_Set
                0x08002080       0x40 ./Core/Src/Schedule_Task.o
                0x08002080                Schedule_Set
 .text.Schedule_Clear
                0x080020c0       0x1c ./Core/Src/Schedule_Task.o
                0x080020c0                Schedule_Clear
 .text.Schedule_Task
                0x080020dc       0x8c ./Core/Src/Schedule_Task.o
                0x080020dc                Schedule_Task
 .text.Servo_Init
                0x08002168       0x30 ./Core/Src/Servo.o
                0x08002168                Servo_Init
 .text.Servo_SetAngle
                0x08002198       0x58 ./Core/Src/Servo.o
                0x08002198                Servo_SetAngle
 .text.FAN_ON   0x080021f0       0x18 ./Core/Src/TH_Task.o
 .text.FAN_OFF  0x08002208       0x18 ./Core/Src/TH_Task.o
 .text.TH_Task  0x08002220       0xf0 ./Core/Src/TH_Task.o
                0x08002220                TH_Task
 .text.set_ryg  0x08002310       0x60 ./Core/Src/Weather_Task.o
 .text.json_pick_value
                0x08002370      0x108 ./Core/Src/Weather_Task.o
 .text.strip_ipd_markers
                0x08002478      0x134 ./Core/Src/Weather_Task.o
 .text.dechunk_simple
                0x080025ac       0xd4 ./Core/Src/Weather_Task.o
 .text.kma_ultra_fcst_base
                0x08002680       0xc4 ./Core/Src/Weather_Task.o
 .text.pty_text
                0x08002744       0x88 ./Core/Src/Weather_Task.o
 .text.Weather_Task
                0x080027cc      0x63c ./Core/Src/Weather_Task.o
                0x080027cc                Weather_Task
 .text.DWT_Delay_Init
                0x08002e08       0x40 ./Core/Src/dht11.o
                0x08002e08                DWT_Delay_Init
 .text.DWT_Delay_us
                0x08002e48       0x4c ./Core/Src/dht11.o
                0x08002e48                DWT_Delay_us
 .text.DHT_SetOutput
                0x08002e94       0x3c ./Core/Src/dht11.o
 .text.DHT_SetInput
                0x08002ed0       0x3c ./Core/Src/dht11.o
 .text.wait_level_with_timeout
                0x08002f0c       0x68 ./Core/Src/dht11.o
 .text.DHT11_Read
                0x08002f74      0x190 ./Core/Src/dht11.o
                0x08002f74                DHT11_Read
 .text.esp_at_command
                0x08003104       0xfc ./Core/Src/esp.o
                0x08003104                esp_at_command
 .text.esp_read_line
                0x08003200       0xbc ./Core/Src/esp.o
                0x08003200                esp_read_line
 .text.esp_reset
                0x080032bc       0x40 ./Core/Src/esp.o
 .text.request_ip_addr
                0x080032fc       0xec ./Core/Src/esp.o
 .text.esp_client_conn
                0x080033e8      0x1ac ./Core/Src/esp.o
                0x080033e8                esp_client_conn
 .text.esp_get_status
                0x08003594       0x9c ./Core/Src/esp.o
                0x08003594                esp_get_status
 .text.drv_esp_init
                0x08003630       0x80 ./Core/Src/esp.o
                0x08003630                drv_esp_init
 .text.reset_func
                0x080036b0       0x34 ./Core/Src/esp.o
                0x080036b0                reset_func
 .text.version_func
                0x080036e4       0x68 ./Core/Src/esp.o
                0x080036e4                version_func
 .text.ap_conn_func
                0x0800374c      0x138 ./Core/Src/esp.o
                0x0800374c                ap_conn_func
 .text.HAL_UART_RxCpltCallback
                0x08003884       0xbc ./Core/Src/esp.o
                0x08003884                HAL_UART_RxCpltCallback
 .text.AiotClient_Init
                0x08003940       0x48 ./Core/Src/esp.o
                0x08003940                AiotClient_Init
 .text.esp_send_data
                0x08003988       0x68 ./Core/Src/esp.o
                0x08003988                esp_send_data
 .text.drv_uart_init
                0x080039f0       0x1c ./Core/Src/esp.o
                0x080039f0                drv_uart_init
 .text.__io_putchar
                0x08003a0c       0x30 ./Core/Src/esp.o
                0x08003a0c                __io_putchar
 .text.parse_cipsntptime_line
                0x08003a3c      0x1f8 ./Core/Src/esp.o
                0x08003a3c                parse_cipsntptime_line
 .text.esp_ntp_config
                0x08003c34       0x54 ./Core/Src/esp.o
                0x08003c34                esp_ntp_config
 .text.esp_is_wifi_ready
                0x08003c88       0x98 ./Core/Src/esp.o
                0x08003c88                esp_is_wifi_ready
 .text.LCD_Init
                0x08003d20       0x54 ./Core/Src/lcd.o
                0x08003d20                LCD_Init
 .text.LCD_Clear
                0x08003d74       0x14 ./Core/Src/lcd.o
                0x08003d74                LCD_Clear
 .text.LCD_SetCursor
                0x08003d88       0x44 ./Core/Src/lcd.o
                0x08003d88                LCD_SetCursor
 .text.LCD_Print
                0x08003dcc       0x2c ./Core/Src/lcd.o
                0x08003dcc                LCD_Print
 .text.LCD_SendCmd
                0x08003df8       0x1c ./Core/Src/lcd.o
 .text.LCD_SendData
                0x08003e14       0x1c ./Core/Src/lcd.o
 .text.LCD_Send
                0x08003e30       0x62 ./Core/Src/lcd.o
 .text.LCD_Write4Bits
                0x08003e92       0x22 ./Core/Src/lcd.o
 .text.LCD_ExpanderWrite
                0x08003eb4       0x38 ./Core/Src/lcd.o
 .text.LCD_PulseEnable
                0x08003eec       0x3a ./Core/Src/lcd.o
 *fill*         0x08003f26        0x2 
 .text.main     0x08003f28      0x1c4 ./Core/Src/main.o
                0x08003f28                main
 .text.SystemClock_Config
                0x080040ec       0xd8 ./Core/Src/main.o
                0x080040ec                SystemClock_Config
 .text.MX_I2C1_Init
                0x080041c4       0x5c ./Core/Src/main.o
 .text.MX_RTC_Init
                0x08004220      0x118 ./Core/Src/main.o
 .text.MX_SPI1_Init
                0x08004338       0x6c ./Core/Src/main.o
 .text.MX_TIM1_Init
                0x080043a4      0x144 ./Core/Src/main.o
 .text.MX_USART2_UART_Init
                0x080044e8       0x54 ./Core/Src/main.o
 .text.MX_USART6_UART_Init
                0x0800453c       0x54 ./Core/Src/main.o
 .text.MX_GPIO_Init
                0x08004590      0x150 ./Core/Src/main.o
 .text.Error_Handler
                0x080046e0        0xc ./Core/Src/main.o
                0x080046e0                Error_Handler
 .text.CS_LOW   0x080046ec       0x18 ./Core/Src/mfrc522.o
 .text.CS_HIGH  0x08004704       0x18 ./Core/Src/mfrc522.o
 .text.RST_HIGH
                0x0800471c       0x18 ./Core/Src/mfrc522.o
 .text.MFRC522_ReadReg
                0x08004734       0x64 ./Core/Src/mfrc522.o
                0x08004734                MFRC522_ReadReg
 .text.MFRC522_WriteReg
                0x08004798       0x4c ./Core/Src/mfrc522.o
                0x08004798                MFRC522_WriteReg
 .text.MFRC522_Init
                0x080047e4       0x4e ./Core/Src/mfrc522.o
                0x080047e4                MFRC522_Init
 .text.PCD_Reset
                0x08004832       0x16 ./Core/Src/mfrc522.o
 .text.MFRC522_AntennaOn
                0x08004848       0x32 ./Core/Src/mfrc522.o
                0x08004848                MFRC522_AntennaOn
 .text.SetBitMask
                0x0800487a       0x36 ./Core/Src/mfrc522.o
 .text.ClearBitMask
                0x080048b0       0x40 ./Core/Src/mfrc522.o
 .text.PCD_ToCard
                0x080048f0      0x194 ./Core/Src/mfrc522.o
 .text.MFRC522_Request
                0x08004a84       0x4e ./Core/Src/mfrc522.o
                0x08004a84                MFRC522_Request
 .text.MFRC522_Anticoll
                0x08004ad2       0x7a ./Core/Src/mfrc522.o
                0x08004ad2                MFRC522_Anticoll
 .text.HAL_MspInit
                0x08004b4c       0x58 ./Core/Src/stm32f4xx_hal_msp.o
                0x08004b4c                HAL_MspInit
 .text.HAL_I2C_MspInit
                0x08004ba4       0x90 ./Core/Src/stm32f4xx_hal_msp.o
                0x08004ba4                HAL_I2C_MspInit
 .text.HAL_RTC_MspInit
                0x08004c34       0x68 ./Core/Src/stm32f4xx_hal_msp.o
                0x08004c34                HAL_RTC_MspInit
 .text.HAL_SPI_MspInit
                0x08004c9c       0x90 ./Core/Src/stm32f4xx_hal_msp.o
                0x08004c9c                HAL_SPI_MspInit
 .text.HAL_TIM_Base_MspInit
                0x08004d2c       0x44 ./Core/Src/stm32f4xx_hal_msp.o
                0x08004d2c                HAL_TIM_Base_MspInit
 .text.HAL_TIM_MspPostInit
                0x08004d70       0x74 ./Core/Src/stm32f4xx_hal_msp.o
                0x08004d70                HAL_TIM_MspPostInit
 .text.HAL_UART_MspInit
                0x08004de4      0x11c ./Core/Src/stm32f4xx_hal_msp.o
                0x08004de4                HAL_UART_MspInit
 .text.NMI_Handler
                0x08004f00        0x8 ./Core/Src/stm32f4xx_it.o
                0x08004f00                NMI_Handler
 .text.HardFault_Handler
                0x08004f08        0x8 ./Core/Src/stm32f4xx_it.o
                0x08004f08                HardFault_Handler
 .text.MemManage_Handler
                0x08004f10        0x8 ./Core/Src/stm32f4xx_it.o
                0x08004f10                MemManage_Handler
 .text.BusFault_Handler
                0x08004f18        0x8 ./Core/Src/stm32f4xx_it.o
                0x08004f18                BusFault_Handler
 .text.UsageFault_Handler
                0x08004f20        0x8 ./Core/Src/stm32f4xx_it.o
                0x08004f20                UsageFault_Handler
 .text.DebugMon_Handler
                0x08004f28        0xe ./Core/Src/stm32f4xx_it.o
                0x08004f28                DebugMon_Handler
 .text.SysTick_Handler
                0x08004f36       0x1a ./Core/Src/stm32f4xx_it.o
                0x08004f36                SysTick_Handler
 .text.USART2_IRQHandler
                0x08004f50       0x14 ./Core/Src/stm32f4xx_it.o
                0x08004f50                USART2_IRQHandler
 .text.RTC_Alarm_IRQHandler
                0x08004f64       0x14 ./Core/Src/stm32f4xx_it.o
                0x08004f64                RTC_Alarm_IRQHandler
 .text.USART6_IRQHandler
                0x08004f78       0x14 ./Core/Src/stm32f4xx_it.o
                0x08004f78                USART6_IRQHandler
 .text._getpid  0x08004f8c       0x10 ./Core/Src/syscalls.o
                0x08004f8c                _getpid
 .text._kill    0x08004f9c       0x20 ./Core/Src/syscalls.o
                0x08004f9c                _kill
 .text._exit    0x08004fbc       0x16 ./Core/Src/syscalls.o
                0x08004fbc                _exit
 .text._read    0x08004fd2       0x3a ./Core/Src/syscalls.o
                0x08004fd2                _read
 .text._write   0x0800500c       0x38 ./Core/Src/syscalls.o
                0x0800500c                _write
 .text._close   0x08005044       0x18 ./Core/Src/syscalls.o
                0x08005044                _close
 .text._fstat   0x0800505c       0x20 ./Core/Src/syscalls.o
                0x0800505c                _fstat
 .text._isatty  0x0800507c       0x16 ./Core/Src/syscalls.o
                0x0800507c                _isatty
 .text._lseek   0x08005092       0x1a ./Core/Src/syscalls.o
                0x08005092                _lseek
 .text._gettimeofday
                0x080050ac       0x2c ./Core/Src/syscalls.o
                0x080050ac                _gettimeofday
 .text._sbrk    0x080050d8       0x6c ./Core/Src/sysmem.o
                0x080050d8                _sbrk
 .text.SystemInit
                0x08005144       0x24 ./Core/Src/system_stm32f4xx.o
                0x08005144                SystemInit
 .text.Reset_Handler
                0x08005168       0x50 ./Core/Startup/startup_stm32f411retx.o
                0x08005168                Reset_Handler
 .text.Default_Handler
                0x080051b8        0x2 ./Core/Startup/startup_stm32f411retx.o
                0x080051b8                EXTI2_IRQHandler
                0x080051b8                SPI4_IRQHandler
                0x080051b8                TIM1_CC_IRQHandler
                0x080051b8                DMA2_Stream5_IRQHandler
                0x080051b8                DMA1_Stream5_IRQHandler
                0x080051b8                PVD_IRQHandler
                0x080051b8                SDIO_IRQHandler
                0x080051b8                TAMP_STAMP_IRQHandler
                0x080051b8                EXTI3_IRQHandler
                0x080051b8                TIM1_UP_TIM10_IRQHandler
                0x080051b8                I2C3_ER_IRQHandler
                0x080051b8                EXTI0_IRQHandler
                0x080051b8                I2C2_EV_IRQHandler
                0x080051b8                DMA1_Stream2_IRQHandler
                0x080051b8                FPU_IRQHandler
                0x080051b8                DMA2_Stream2_IRQHandler
                0x080051b8                SPI1_IRQHandler
                0x080051b8                TIM1_BRK_TIM9_IRQHandler
                0x080051b8                DMA2_Stream3_IRQHandler
                0x080051b8                DMA2_Stream0_IRQHandler
                0x080051b8                TIM4_IRQHandler
                0x080051b8                I2C1_EV_IRQHandler
                0x080051b8                DMA1_Stream6_IRQHandler
                0x080051b8                DMA1_Stream1_IRQHandler
                0x080051b8                TIM3_IRQHandler
                0x080051b8                RCC_IRQHandler
                0x080051b8                Default_Handler
                0x080051b8                EXTI15_10_IRQHandler
                0x080051b8                ADC_IRQHandler
                0x080051b8                DMA1_Stream7_IRQHandler
                0x080051b8                SPI5_IRQHandler
                0x080051b8                TIM5_IRQHandler
                0x080051b8                DMA2_Stream7_IRQHandler
                0x080051b8                I2C3_EV_IRQHandler
                0x080051b8                EXTI9_5_IRQHandler
                0x080051b8                RTC_WKUP_IRQHandler
                0x080051b8                SPI2_IRQHandler
                0x080051b8                DMA1_Stream0_IRQHandler
                0x080051b8                EXTI4_IRQHandler
                0x080051b8                WWDG_IRQHandler
                0x080051b8                TIM2_IRQHandler
                0x080051b8                OTG_FS_WKUP_IRQHandler
                0x080051b8                TIM1_TRG_COM_TIM11_IRQHandler
                0x080051b8                EXTI1_IRQHandler
                0x080051b8                I2C2_ER_IRQHandler
                0x080051b8                DMA2_Stream1_IRQHandler
                0x080051b8                FLASH_IRQHandler
                0x080051b8                DMA2_Stream4_IRQHandler
                0x080051b8                USART1_IRQHandler
                0x080051b8                OTG_FS_IRQHandler
                0x080051b8                SPI3_IRQHandler
                0x080051b8                DMA1_Stream4_IRQHandler
                0x080051b8                I2C1_ER_IRQHandler
                0x080051b8                DMA2_Stream6_IRQHandler
                0x080051b8                DMA1_Stream3_IRQHandler
 *fill*         0x080051ba        0x2 
 .text.HAL_Init
                0x080051bc       0x44 ./Drivers/STM32F4xx_HAL_Driver/Src/stm32f4xx_hal.o
                0x080051bc                HAL_Init
 .text.HAL_InitTick
                0x08005200       0x60 ./Drivers/STM32F4xx_HAL_Driver/Src/stm32f4xx_hal.o
                0x08005200                HAL_InitTick
 .text.HAL_IncTick
                0x08005260       0x28 ./Drivers/STM32F4xx_HAL_Driver/Src/stm32f4xx_hal.o
                0x08005260                HAL_IncTick
 .text.HAL_GetTick
                0x08005288       0x18 ./Drivers/STM32F4xx_HAL_Driver/Src/stm32f4xx_hal.o
                0x08005288                HAL_GetTick
 .text.HAL_Delay
                0x080052a0       0x48 ./Drivers/STM32F4xx_HAL_Driver/Src/stm32f4xx_hal.o
                0x080052a0                HAL_Delay
 .text.__NVIC_SetPriorityGrouping
                0x080052e8       0x48 ./Drivers/STM32F4xx_HAL_Driver/Src/stm32f4xx_hal_cortex.o
 .text.__NVIC_GetPriorityGrouping
                0x08005330       0x1c ./Drivers/STM32F4xx_HAL_Driver/Src/stm32f4xx_hal_cortex.o
 .text.__NVIC_EnableIRQ
                0x0800534c       0x3c ./Drivers/STM32F4xx_HAL_Driver/Src/stm32f4xx_hal_cortex.o
 .text.__NVIC_SetPriority
                0x08005388       0x54 ./Drivers/STM32F4xx_HAL_Driver/Src/stm32f4xx_hal_cortex.o
 .text.NVIC_EncodePriority
                0x080053dc       0x66 ./Drivers/STM32F4xx_HAL_Driver/Src/stm32f4xx_hal_cortex.o
 *fill*         0x08005442        0x2 
 .text.SysTick_Config
                0x08005444       0x44 ./Drivers/STM32F4xx_HAL_Driver/Src/stm32f4xx_hal_cortex.o
 .text.HAL_NVIC_SetPriorityGrouping
                0x08005488       0x16 ./Drivers/STM32F4xx_HAL_Driver/Src/stm32f4xx_hal_cortex.o
                0x08005488                HAL_NVIC_SetPriorityGrouping
 .text.HAL_NVIC_SetPriority
                0x0800549e       0x38 ./Drivers/STM32F4xx_HAL_Driver/Src/stm32f4xx_hal_cortex.o
                0x0800549e                HAL_NVIC_SetPriority
 .text.HAL_NVIC_EnableIRQ
                0x080054d6       0x1c ./Drivers/STM32F4xx_HAL_Driver/Src/stm32f4xx_hal_cortex.o
                0x080054d6                HAL_NVIC_EnableIRQ
 .text.HAL_SYSTICK_Config
                0x080054f2       0x18 ./Drivers/STM32F4xx_HAL_Driver/Src/stm32f4xx_hal_cortex.o
                0x080054f2                HAL_SYSTICK_Config
 .text.HAL_DMA_Abort
                0x0800550a       0xe0 ./Drivers/STM32F4xx_HAL_Driver/Src/stm32f4xx_hal_dma.o
                0x0800550a                HAL_DMA_Abort
 .text.HAL_DMA_Abort_IT
                0x080055ea       0x44 ./Drivers/STM32F4xx_HAL_Driver/Src/stm32f4xx_hal_dma.o
                0x080055ea                HAL_DMA_Abort_IT
 *fill*         0x0800562e        0x2 
 .text.HAL_GPIO_Init
                0x08005630      0x308 ./Drivers/STM32F4xx_HAL_Driver/Src/stm32f4xx_hal_gpio.o
                0x08005630                HAL_GPIO_Init
 .text.HAL_GPIO_ReadPin
                0x08005938       0x30 ./Drivers/STM32F4xx_HAL_Driver/Src/stm32f4xx_hal_gpio.o
                0x08005938                HAL_GPIO_ReadPin
 .text.HAL_GPIO_WritePin
                0x08005968       0x32 ./Drivers/STM32F4xx_HAL_Driver/Src/stm32f4xx_hal_gpio.o
                0x08005968                HAL_GPIO_WritePin
 *fill*         0x0800599a        0x2 
 .text.HAL_I2C_Init
                0x0800599c      0x288 ./Drivers/STM32F4xx_HAL_Driver/Src/stm32f4xx_hal_i2c.o
                0x0800599c                HAL_I2C_Init
 .text.HAL_I2C_Master_Transmit
                0x08005c24      0x1fc ./Drivers/STM32F4xx_HAL_Driver/Src/stm32f4xx_hal_i2c.o
                0x08005c24                HAL_I2C_Master_Transmit
 .text.I2C_MasterRequestWrite
                0x08005e20      0x104 ./Drivers/STM32F4xx_HAL_Driver/Src/stm32f4xx_hal_i2c.o
 .text.I2C_WaitOnFlagUntilTimeout
                0x08005f24       0xf4 ./Drivers/STM32F4xx_HAL_Driver/Src/stm32f4xx_hal_i2c.o
 .text.I2C_WaitOnMasterAddressFlagUntilTimeout
                0x08006018      0x140 ./Drivers/STM32F4xx_HAL_Driver/Src/stm32f4xx_hal_i2c.o
 .text.I2C_WaitOnTXEFlagUntilTimeout
                0x08006158       0x90 ./Drivers/STM32F4xx_HAL_Driver/Src/stm32f4xx_hal_i2c.o
 .text.I2C_WaitOnBTFFlagUntilTimeout
                0x080061e8       0x90 ./Drivers/STM32F4xx_HAL_Driver/Src/stm32f4xx_hal_i2c.o
 .text.I2C_IsAcknowledgeFailed
                0x08006278       0x5e ./Drivers/STM32F4xx_HAL_Driver/Src/stm32f4xx_hal_i2c.o
 *fill*         0x080062d6        0x2 
 .text.HAL_RCC_OscConfig
                0x080062d8      0x4f0 ./Drivers/STM32F4xx_HAL_Driver/Src/stm32f4xx_hal_rcc.o
                0x080062d8                HAL_RCC_OscConfig
 .text.HAL_RCC_ClockConfig
                0x080067c8      0x1cc ./Drivers/STM32F4xx_HAL_Driver/Src/stm32f4xx_hal_rcc.o
                0x080067c8                HAL_RCC_ClockConfig
 .text.HAL_RCC_GetSysClockFreq
                0x08006994      0x20c ./Drivers/STM32F4xx_HAL_Driver/Src/stm32f4xx_hal_rcc.o
                0x08006994                HAL_RCC_GetSysClockFreq
 .text.HAL_RCC_GetHCLKFreq
                0x08006ba0       0x18 ./Drivers/STM32F4xx_HAL_Driver/Src/stm32f4xx_hal_rcc.o
                0x08006ba0                HAL_RCC_GetHCLKFreq
 .text.HAL_RCC_GetPCLK1Freq
                0x08006bb8       0x28 ./Drivers/STM32F4xx_HAL_Driver/Src/stm32f4xx_hal_rcc.o
                0x08006bb8                HAL_RCC_GetPCLK1Freq
 .text.HAL_RCC_GetPCLK2Freq
                0x08006be0       0x28 ./Drivers/STM32F4xx_HAL_Driver/Src/stm32f4xx_hal_rcc.o
                0x08006be0                HAL_RCC_GetPCLK2Freq
 .text.HAL_RCCEx_PeriphCLKConfig
                0x08006c08      0x1e0 ./Drivers/STM32F4xx_HAL_Driver/Src/stm32f4xx_hal_rcc_ex.o
                0x08006c08                HAL_RCCEx_PeriphCLKConfig
 .text.HAL_RTC_Init
                0x08006de8      0x102 ./Drivers/STM32F4xx_HAL_Driver/Src/stm32f4xx_hal_rtc.o
                0x08006de8                HAL_RTC_Init
 .text.HAL_RTC_SetTime
                0x08006eea      0x134 ./Drivers/STM32F4xx_HAL_Driver/Src/stm32f4xx_hal_rtc.o
                0x08006eea                HAL_RTC_SetTime
 .text.HAL_RTC_SetDate
                0x0800701e      0x108 ./Drivers/STM32F4xx_HAL_Driver/Src/stm32f4xx_hal_rtc.o
                0x0800701e                HAL_RTC_SetDate
 *fill*         0x08007126        0x2 
 .text.HAL_RTC_SetAlarm_IT
                0x08007128      0x288 ./Drivers/STM32F4xx_HAL_Driver/Src/stm32f4xx_hal_rtc.o
                0x08007128                HAL_RTC_SetAlarm_IT
 .text.HAL_RTC_AlarmIRQHandler
                0x080073b0       0x8c ./Drivers/STM32F4xx_HAL_Driver/Src/stm32f4xx_hal_rtc.o
                0x080073b0                HAL_RTC_AlarmIRQHandler
 .text.HAL_RTC_AlarmAEventCallback
                0x0800743c       0x14 ./Drivers/STM32F4xx_HAL_Driver/Src/stm32f4xx_hal_rtc.o
                0x0800743c                HAL_RTC_AlarmAEventCallback
 .text.HAL_RTC_WaitForSynchro
                0x08007450       0x4c ./Drivers/STM32F4xx_HAL_Driver/Src/stm32f4xx_hal_rtc.o
                0x08007450                HAL_RTC_WaitForSynchro
 .text.RTC_EnterInitMode
                0x0800749c       0x6e ./Drivers/STM32F4xx_HAL_Driver/Src/stm32f4xx_hal_rtc.o
                0x0800749c                RTC_EnterInitMode
 .text.RTC_ExitInitMode
                0x0800750a       0x4a ./Drivers/STM32F4xx_HAL_Driver/Src/stm32f4xx_hal_rtc.o
                0x0800750a                RTC_ExitInitMode
 .text.RTC_ByteToBcd2
                0x08007554       0x3c ./Drivers/STM32F4xx_HAL_Driver/Src/stm32f4xx_hal_rtc.o
                0x08007554                RTC_ByteToBcd2
 .text.HAL_RTCEx_AlarmBEventCallback
                0x08007590       0x14 ./Drivers/STM32F4xx_HAL_Driver/Src/stm32f4xx_hal_rtc_ex.o
                0x08007590                HAL_RTCEx_AlarmBEventCallback
 .text.HAL_SPI_Init
                0x080075a4      0x112 ./Drivers/STM32F4xx_HAL_Driver/Src/stm32f4xx_hal_spi.o
                0x080075a4                HAL_SPI_Init
 .text.HAL_SPI_Transmit
                0x080076b6      0x288 ./Drivers/STM32F4xx_HAL_Driver/Src/stm32f4xx_hal_spi.o
                0x080076b6                HAL_SPI_Transmit
 .text.HAL_SPI_TransmitReceive
                0x0800793e      0x352 ./Drivers/STM32F4xx_HAL_Driver/Src/stm32f4xx_hal_spi.o
                0x0800793e                HAL_SPI_TransmitReceive
 .text.SPI_WaitFlagStateUntilTimeout
                0x08007c90      0x110 ./Drivers/STM32F4xx_HAL_Driver/Src/stm32f4xx_hal_spi.o
 .text.SPI_EndRxTxTransaction
                0x08007da0       0xa8 ./Drivers/STM32F4xx_HAL_Driver/Src/stm32f4xx_hal_spi.o
 .text.HAL_TIM_Base_Init
                0x08007e48       0x9e ./Drivers/STM32F4xx_HAL_Driver/Src/stm32f4xx_hal_tim.o
                0x08007e48                HAL_TIM_Base_Init
 .text.HAL_TIM_PWM_Init
                0x08007ee6       0x9e ./Drivers/STM32F4xx_HAL_Driver/Src/stm32f4xx_hal_tim.o
                0x08007ee6                HAL_TIM_PWM_Init
 .text.HAL_TIM_PWM_MspInit
                0x08007f84       0x14 ./Drivers/STM32F4xx_HAL_Driver/Src/stm32f4xx_hal_tim.o
                0x08007f84                HAL_TIM_PWM_MspInit
 .text.HAL_TIM_PWM_Start
                0x08007f98      0x160 ./Drivers/STM32F4xx_HAL_Driver/Src/stm32f4xx_hal_tim.o
                0x08007f98                HAL_TIM_PWM_Start
 .text.HAL_TIM_PWM_ConfigChannel
                0x080080f8      0x184 ./Drivers/STM32F4xx_HAL_Driver/Src/stm32f4xx_hal_tim.o
                0x080080f8                HAL_TIM_PWM_ConfigChannel
 .text.HAL_TIM_ConfigClockSource
                0x0800827c      0x18e ./Drivers/STM32F4xx_HAL_Driver/Src/stm32f4xx_hal_tim.o
                0x0800827c                HAL_TIM_ConfigClockSource
 *fill*         0x0800840a        0x2 
 .text.TIM_Base_SetConfig
                0x0800840c      0x10c ./Drivers/STM32F4xx_HAL_Driver/Src/stm32f4xx_hal_tim.o
                0x0800840c                TIM_Base_SetConfig
 .text.TIM_OC1_SetConfig
                0x08008518       0xcc ./Drivers/STM32F4xx_HAL_Driver/Src/stm32f4xx_hal_tim.o
 .text.TIM_OC2_SetConfig
                0x080085e4       0xd8 ./Drivers/STM32F4xx_HAL_Driver/Src/stm32f4xx_hal_tim.o
                0x080085e4                TIM_OC2_SetConfig
 .text.TIM_OC3_SetConfig
                0x080086bc       0xd4 ./Drivers/STM32F4xx_HAL_Driver/Src/stm32f4xx_hal_tim.o
 .text.TIM_OC4_SetConfig
                0x08008790       0xa0 ./Drivers/STM32F4xx_HAL_Driver/Src/stm32f4xx_hal_tim.o
 .text.TIM_TI1_ConfigInputStage
                0x08008830       0x5e ./Drivers/STM32F4xx_HAL_Driver/Src/stm32f4xx_hal_tim.o
 .text.TIM_TI2_ConfigInputStage
                0x0800888e       0x60 ./Drivers/STM32F4xx_HAL_Driver/Src/stm32f4xx_hal_tim.o
 .text.TIM_ITRx_SetConfig
                0x080088ee       0x36 ./Drivers/STM32F4xx_HAL_Driver/Src/stm32f4xx_hal_tim.o
 .text.TIM_ETR_SetConfig
                0x08008924       0x40 ./Drivers/STM32F4xx_HAL_Driver/Src/stm32f4xx_hal_tim.o
                0x08008924                TIM_ETR_SetConfig
 .text.TIM_CCxChannelCmd
                0x08008964       0x4a ./Drivers/STM32F4xx_HAL_Driver/Src/stm32f4xx_hal_tim.o
                0x08008964                TIM_CCxChannelCmd
 *fill*         0x080089ae        0x2 
 .text.HAL_TIMEx_MasterConfigSynchronization
                0x080089b0       0xdc ./Drivers/STM32F4xx_HAL_Driver/Src/stm32f4xx_hal_tim_ex.o
                0x080089b0                HAL_TIMEx_MasterConfigSynchronization
 .text.HAL_TIMEx_ConfigBreakDeadTime
                0x08008a8c       0xa4 ./Drivers/STM32F4xx_HAL_Driver/Src/stm32f4xx_hal_tim_ex.o
                0x08008a8c                HAL_TIMEx_ConfigBreakDeadTime
 .text.HAL_UART_Init
                0x08008b30       0xa0 ./Drivers/STM32F4xx_HAL_Driver/Src/stm32f4xx_hal_uart.o
                0x08008b30                HAL_UART_Init
 .text.HAL_UART_Transmit
                0x08008bd0      0x116 ./Drivers/STM32F4xx_HAL_Driver/Src/stm32f4xx_hal_uart.o
                0x08008bd0                HAL_UART_Transmit
 .text.HAL_UART_Receive_IT
                0x08008ce6       0x4a ./Drivers/STM32F4xx_HAL_Driver/Src/stm32f4xx_hal_uart.o
                0x08008ce6                HAL_UART_Receive_IT
 .text.HAL_UART_IRQHandler
                0x08008d30      0x554 ./Drivers/STM32F4xx_HAL_Driver/Src/stm32f4xx_hal_uart.o
                0x08008d30                HAL_UART_IRQHandler
 .text.HAL_UART_TxCpltCallback
                0x08009284       0x14 ./Drivers/STM32F4xx_HAL_Driver/Src/stm32f4xx_hal_uart.o
                0x08009284                HAL_UART_TxCpltCallback
 .text.HAL_UART_ErrorCallback
                0x08009298       0x14 ./Drivers/STM32F4xx_HAL_Driver/Src/stm32f4xx_hal_uart.o
                0x08009298                HAL_UART_ErrorCallback
 .text.HAL_UARTEx_RxEventCallback
                0x080092ac       0x18 ./Drivers/STM32F4xx_HAL_Driver/Src/stm32f4xx_hal_uart.o
                0x080092ac                HAL_UARTEx_RxEventCallback
 .text.UART_WaitOnFlagUntilTimeout
                0x080092c4       0xb2 ./Drivers/STM32F4xx_HAL_Driver/Src/stm32f4xx_hal_uart.o
 .text.UART_Start_Receive_IT
                0x08009376       0x74 ./Drivers/STM32F4xx_HAL_Driver/Src/stm32f4xx_hal_uart.o
                0x08009376                UART_Start_Receive_IT
 .text.UART_EndRxTransfer
                0x080093ea       0xc6 ./Drivers/STM32F4xx_HAL_Driver/Src/stm32f4xx_hal_uart.o
 .text.UART_DMAAbortOnError
                0x080094b0       0x22 ./Drivers/STM32F4xx_HAL_Driver/Src/stm32f4xx_hal_uart.o
 .text.UART_Transmit_IT
                0x080094d2       0xa0 ./Drivers/STM32F4xx_HAL_Driver/Src/stm32f4xx_hal_uart.o
 .text.UART_EndTransmit_IT
                0x08009572       0x30 ./Drivers/STM32F4xx_HAL_Driver/Src/stm32f4xx_hal_uart.o
 .text.UART_Receive_IT
                0x080095a2      0x17c ./Drivers/STM32F4xx_HAL_Driver/Src/stm32f4xx_hal_uart.o
 *fill*         0x0800971e        0x2 
 .text.UART_SetConfig
                0x08009720      0x4e8 ./Drivers/STM32F4xx_HAL_Driver/Src/stm32f4xx_hal_uart.o
 .text.__NVIC_SetPriority
                0x08009c08       0x54 ./Middlewares/Third_Party/FreeRTOS/Source/CMSIS_RTOS_V2/cmsis_os2.o
 .text.SVC_Setup
                0x08009c5c       0x12 ./Middlewares/Third_Party/FreeRTOS/Source/CMSIS_RTOS_V2/cmsis_os2.o
 *fill*         0x08009c6e        0x2 
 .text.osKernelInitialize
                0x08009c70       0x48 ./Middlewares/Third_Party/FreeRTOS/Source/CMSIS_RTOS_V2/cmsis_os2.o
                0x08009c70                osKernelInitialize
 .text.osKernelStart
                0x08009cb8       0x4c ./Middlewares/Third_Party/FreeRTOS/Source/CMSIS_RTOS_V2/cmsis_os2.o
                0x08009cb8                osKernelStart
 .text.osKernelGetTickCount
                0x08009d04       0x2a ./Middlewares/Third_Party/FreeRTOS/Source/CMSIS_RTOS_V2/cmsis_os2.o
                0x08009d04                osKernelGetTickCount
 .text.osKernelGetTickFreq
                0x08009d2e       0x12 ./Middlewares/Third_Party/FreeRTOS/Source/CMSIS_RTOS_V2/cmsis_os2.o
                0x08009d2e                osKernelGetTickFreq
 .text.osThreadNew
                0x08009d40      0x124 ./Middlewares/Third_Party/FreeRTOS/Source/CMSIS_RTOS_V2/cmsis_os2.o
                0x08009d40                osThreadNew
 .text.osDelay  0x08009e64       0x36 ./Middlewares/Third_Party/FreeRTOS/Source/CMSIS_RTOS_V2/cmsis_os2.o
                0x08009e64                osDelay
 .text.osDelayUntil
                0x08009e9a       0x5a ./Middlewares/Third_Party/FreeRTOS/Source/CMSIS_RTOS_V2/cmsis_os2.o
                0x08009e9a                osDelayUntil
 .text.osMutexNew
                0x08009ef4      0x10c ./Middlewares/Third_Party/FreeRTOS/Source/CMSIS_RTOS_V2/cmsis_os2.o
                0x08009ef4                osMutexNew
 .text.osMutexAcquire
                0x0800a000       0x96 ./Middlewares/Third_Party/FreeRTOS/Source/CMSIS_RTOS_V2/cmsis_os2.o
                0x0800a000                osMutexAcquire
 .text.osMutexRelease
                0x0800a096       0x7a ./Middlewares/Third_Party/FreeRTOS/Source/CMSIS_RTOS_V2/cmsis_os2.o
                0x0800a096                osMutexRelease
 .text.vApplicationGetIdleTaskMemory
                0x0800a110       0x34 ./Middlewares/Third_Party/FreeRTOS/Source/CMSIS_RTOS_V2/cmsis_os2.o
                0x0800a110                vApplicationGetIdleTaskMemory
 .text.vApplicationGetTimerTaskMemory
                0x0800a144       0x34 ./Middlewares/Third_Party/FreeRTOS/Source/CMSIS_RTOS_V2/cmsis_os2.o
                0x0800a144                vApplicationGetTimerTaskMemory
 .text.vListInitialise
                0x0800a178       0x40 ./Middlewares/Third_Party/FreeRTOS/Source/list.o
                0x0800a178                vListInitialise
 .text.vListInitialiseItem
                0x0800a1b8       0x1a ./Middlewares/Third_Party/FreeRTOS/Source/list.o
                0x0800a1b8                vListInitialiseItem
 .text.vListInsertEnd
                0x0800a1d2       0x48 ./Middlewares/Third_Party/FreeRTOS/Source/list.o
                0x0800a1d2                vListInsertEnd
 .text.vListInsert
                0x0800a21a       0x72 ./Middlewares/Third_Party/FreeRTOS/Source/list.o
                0x0800a21a                vListInsert
 .text.uxListRemove
                0x0800a28c       0x54 ./Middlewares/Third_Party/FreeRTOS/Source/list.o
                0x0800a28c                uxListRemove
 .text.xQueueGenericReset
                0x0800a2e0       0xd4 ./Middlewares/Third_Party/FreeRTOS/Source/queue.o
                0x0800a2e0                xQueueGenericReset
 .text.xQueueGenericCreateStatic
                0x0800a3b4       0xfa ./Middlewares/Third_Party/FreeRTOS/Source/queue.o
                0x0800a3b4                xQueueGenericCreateStatic
 .text.xQueueGenericCreate
                0x0800a4ae       0x76 ./Middlewares/Third_Party/FreeRTOS/Source/queue.o
                0x0800a4ae                xQueueGenericCreate
 .text.prvInitialiseNewQueue
                0x0800a524       0x46 ./Middlewares/Third_Party/FreeRTOS/Source/queue.o
 .text.prvInitialiseMutex
                0x0800a56a       0x34 ./Middlewares/Third_Party/FreeRTOS/Source/queue.o
 .text.xQueueCreateMutex
                0x0800a59e       0x30 ./Middlewares/Third_Party/FreeRTOS/Source/queue.o
                0x0800a59e                xQueueCreateMutex
 .text.xQueueCreateMutexStatic
                0x0800a5ce       0x36 ./Middlewares/Third_Party/FreeRTOS/Source/queue.o
                0x0800a5ce                xQueueCreateMutexStatic
 .text.xQueueGiveMutexRecursive
                0x0800a604       0x6a ./Middlewares/Third_Party/FreeRTOS/Source/queue.o
                0x0800a604                xQueueGiveMutexRecursive
 .text.xQueueTakeMutexRecursive
                0x0800a66e       0x6e ./Middlewares/Third_Party/FreeRTOS/Source/queue.o
                0x0800a66e                xQueueTakeMutexRecursive
 .text.xQueueGenericSend
                0x0800a6dc      0x204 ./Middlewares/Third_Party/FreeRTOS/Source/queue.o
                0x0800a6dc                xQueueGenericSend
 .text.xQueueGenericSendFromISR
                0x0800a8e0      0x13c ./Middlewares/Third_Party/FreeRTOS/Source/queue.o
                0x0800a8e0                xQueueGenericSendFromISR
 .text.xQueueReceive
                0x0800aa1c      0x1c4 ./Middlewares/Third_Party/FreeRTOS/Source/queue.o
                0x0800aa1c                xQueueReceive
 .text.xQueueSemaphoreTake
                0x0800abe0      0x220 ./Middlewares/Third_Party/FreeRTOS/Source/queue.o
                0x0800abe0                xQueueSemaphoreTake
 .text.prvGetDisinheritPriorityAfterTimeout
                0x0800ae00       0x30 ./Middlewares/Third_Party/FreeRTOS/Source/queue.o
 .text.prvCopyDataToQueue
                0x0800ae30       0xd4 ./Middlewares/Third_Party/FreeRTOS/Source/queue.o
 .text.prvCopyDataFromQueue
                0x0800af04       0x4c ./Middlewares/Third_Party/FreeRTOS/Source/queue.o
 .text.prvUnlockQueue
                0x0800af50       0xa4 ./Middlewares/Third_Party/FreeRTOS/Source/queue.o
 .text.prvIsQueueEmpty
                0x0800aff4       0x2c ./Middlewares/Third_Party/FreeRTOS/Source/queue.o
 .text.prvIsQueueFull
                0x0800b020       0x30 ./Middlewares/Third_Party/FreeRTOS/Source/queue.o
 .text.vQueueAddToRegistry
                0x0800b050       0x54 ./Middlewares/Third_Party/FreeRTOS/Source/queue.o
                0x0800b050                vQueueAddToRegistry
 .text.vQueueWaitForMessageRestricted
                0x0800b0a4       0x68 ./Middlewares/Third_Party/FreeRTOS/Source/queue.o
                0x0800b0a4                vQueueWaitForMessageRestricted
 .text.xTaskCreateStatic
                0x0800b10c       0xc0 ./Middlewares/Third_Party/FreeRTOS/Source/tasks.o
                0x0800b10c                xTaskCreateStatic
 .text.xTaskCreate
                0x0800b1cc       0x8a ./Middlewares/Third_Party/FreeRTOS/Source/tasks.o
                0x0800b1cc                xTaskCreate
 .text.prvInitialiseNewTask
                0x0800b256      0x120 ./Middlewares/Third_Party/FreeRTOS/Source/tasks.o
 *fill*         0x0800b376        0x2 
 .text.prvAddNewTaskToReadyList
                0x0800b378       0xe0 ./Middlewares/Third_Party/FreeRTOS/Source/tasks.o
 .text.vTaskDelayUntil
                0x0800b458      0x100 ./Middlewares/Third_Party/FreeRTOS/Source/tasks.o
                0x0800b458                vTaskDelayUntil
 .text.vTaskDelay
                0x0800b558       0x6c ./Middlewares/Third_Party/FreeRTOS/Source/tasks.o
                0x0800b558                vTaskDelay
 .text.vTaskStartScheduler
                0x0800b5c4       0xd0 ./Middlewares/Third_Party/FreeRTOS/Source/tasks.o
                0x0800b5c4                vTaskStartScheduler
 .text.vTaskSuspendAll
                0x0800b694       0x1c ./Middlewares/Third_Party/FreeRTOS/Source/tasks.o
                0x0800b694                vTaskSuspendAll
 .text.xTaskResumeAll
                0x0800b6b0      0x13c ./Middlewares/Third_Party/FreeRTOS/Source/tasks.o
                0x0800b6b0                xTaskResumeAll
 .text.xTaskGetTickCount
                0x0800b7ec       0x20 ./Middlewares/Third_Party/FreeRTOS/Source/tasks.o
                0x0800b7ec                xTaskGetTickCount
 .text.xTaskGetTickCountFromISR
                0x0800b80c       0x24 ./Middlewares/Third_Party/FreeRTOS/Source/tasks.o
                0x0800b80c                xTaskGetTickCountFromISR
 .text.xTaskIncrementTick
                0x0800b830      0x174 ./Middlewares/Third_Party/FreeRTOS/Source/tasks.o
                0x0800b830                xTaskIncrementTick
 .text.vTaskSwitchContext
                0x0800b9a4       0xbc ./Middlewares/Third_Party/FreeRTOS/Source/tasks.o
                0x0800b9a4                vTaskSwitchContext
 .text.vTaskPlaceOnEventList
                0x0800ba60       0x4c ./Middlewares/Third_Party/FreeRTOS/Source/tasks.o
                0x0800ba60                vTaskPlaceOnEventList
 .text.vTaskPlaceOnEventListRestricted
                0x0800baac       0x58 ./Middlewares/Third_Party/FreeRTOS/Source/tasks.o
                0x0800baac                vTaskPlaceOnEventListRestricted
 .text.xTaskRemoveFromEventList
                0x0800bb04       0xc8 ./Middlewares/Third_Party/FreeRTOS/Source/tasks.o
                0x0800bb04                xTaskRemoveFromEventList
 .text.vTaskInternalSetTimeOutState
                0x0800bbcc       0x2c ./Middlewares/Third_Party/FreeRTOS/Source/tasks.o
                0x0800bbcc                vTaskInternalSetTimeOutState
 .text.xTaskCheckForTimeOut
                0x0800bbf8       0xc8 ./Middlewares/Third_Party/FreeRTOS/Source/tasks.o
                0x0800bbf8                xTaskCheckForTimeOut
 .text.vTaskMissedYield
                0x0800bcc0       0x18 ./Middlewares/Third_Party/FreeRTOS/Source/tasks.o
                0x0800bcc0                vTaskMissedYield
 .text.prvIdleTask
                0x0800bcd8       0x30 ./Middlewares/Third_Party/FreeRTOS/Source/tasks.o
 .text.prvInitialiseTaskLists
                0x0800bd08       0x80 ./Middlewares/Third_Party/FreeRTOS/Source/tasks.o
 .text.prvCheckTasksWaitingTermination
                0x0800bd88       0x5c ./Middlewares/Third_Party/FreeRTOS/Source/tasks.o
 .text.prvDeleteTCB
                0x0800bde4       0x60 ./Middlewares/Third_Party/FreeRTOS/Source/tasks.o
 .text.prvResetNextTaskUnblockTime
                0x0800be44       0x40 ./Middlewares/Third_Party/FreeRTOS/Source/tasks.o
 .text.xTaskGetCurrentTaskHandle
                0x0800be84       0x20 ./Middlewares/Third_Party/FreeRTOS/Source/tasks.o
                0x0800be84                xTaskGetCurrentTaskHandle
 .text.xTaskGetSchedulerState
                0x0800bea4       0x3c ./Middlewares/Third_Party/FreeRTOS/Source/tasks.o
                0x0800bea4                xTaskGetSchedulerState
 .text.xTaskPriorityInherit
                0x0800bee0       0xd0 ./Middlewares/Third_Party/FreeRTOS/Source/tasks.o
                0x0800bee0                xTaskPriorityInherit
 .text.xTaskPriorityDisinherit
                0x0800bfb0       0xe0 ./Middlewares/Third_Party/FreeRTOS/Source/tasks.o
                0x0800bfb0                xTaskPriorityDisinherit
 .text.vTaskPriorityDisinheritAfterTimeout
                0x0800c090      0x108 ./Middlewares/Third_Party/FreeRTOS/Source/tasks.o
                0x0800c090                vTaskPriorityDisinheritAfterTimeout
 .text.pvTaskIncrementMutexHeldCount
                0x0800c198       0x28 ./Middlewares/Third_Party/FreeRTOS/Source/tasks.o
                0x0800c198                pvTaskIncrementMutexHeldCount
 .text.prvAddCurrentTaskToDelayedList
                0x0800c1c0       0xa8 ./Middlewares/Third_Party/FreeRTOS/Source/tasks.o
 .text.xTimerCreateTimerTask
                0x0800c268       0x94 ./Middlewares/Third_Party/FreeRTOS/Source/timers.o
                0x0800c268                xTimerCreateTimerTask
 .text.xTimerGenericCommand
                0x0800c2fc       0x9c ./Middlewares/Third_Party/FreeRTOS/Source/timers.o
                0x0800c2fc                xTimerGenericCommand
 .text.prvProcessExpiredTimer
                0x0800c398       0x9c ./Middlewares/Third_Party/FreeRTOS/Source/timers.o
 .text.prvTimerTask
                0x0800c434       0x26 ./Middlewares/Third_Party/FreeRTOS/Source/timers.o
 *fill*         0x0800c45a        0x2 
 .text.prvProcessTimerOrBlockTask
                0x0800c45c       0x9c ./Middlewares/Third_Party/FreeRTOS/Source/timers.o
 .text.prvGetNextExpireTime
                0x0800c4f8       0x48 ./Middlewares/Third_Party/FreeRTOS/Source/timers.o
 .text.prvSampleTimeNow
                0x0800c540       0x40 ./Middlewares/Third_Party/FreeRTOS/Source/timers.o
 .text.prvInsertTimerInActiveList
                0x0800c580       0x84 ./Middlewares/Third_Party/FreeRTOS/Source/timers.o
 .text.prvProcessReceivedCommands
                0x0800c604      0x1cc ./Middlewares/Third_Party/FreeRTOS/Source/timers.o
 .text.prvSwitchTimerLists
                0x0800c7d0       0xcc ./Middlewares/Third_Party/FreeRTOS/Source/timers.o
 .text.prvCheckForValidListAndQueue
                0x0800c89c       0x80 ./Middlewares/Third_Party/FreeRTOS/Source/timers.o
 .text.pxPortInitialiseStack
                0x0800c91c       0x68 ./Middlewares/Third_Party/FreeRTOS/Source/portable/GCC/ARM_CM4F/port.o
                0x0800c91c                pxPortInitialiseStack
 .text.prvTaskExitError
                0x0800c984       0x5c ./Middlewares/Third_Party/FreeRTOS/Source/portable/GCC/ARM_CM4F/port.o
 .text.SVC_Handler
                0x0800c9e0       0x28 ./Middlewares/Third_Party/FreeRTOS/Source/portable/GCC/ARM_CM4F/port.o
                0x0800c9e0                SVC_Handler
 .text.prvPortStartFirstTask
                0x0800ca08       0x28 ./Middlewares/Third_Party/FreeRTOS/Source/portable/GCC/ARM_CM4F/port.o
 .text.xPortStartScheduler
                0x0800ca30      0x148 ./Middlewares/Third_Party/FreeRTOS/Source/portable/GCC/ARM_CM4F/port.o
                0x0800ca30                xPortStartScheduler
 .text.vPortEnterCritical
                0x0800cb78       0x64 ./Middlewares/Third_Party/FreeRTOS/Source/portable/GCC/ARM_CM4F/port.o
                0x0800cb78                vPortEnterCritical
 .text.vPortExitCritical
                0x0800cbdc       0x54 ./Middlewares/Third_Party/FreeRTOS/Source/portable/GCC/ARM_CM4F/port.o
                0x0800cbdc                vPortExitCritical
 .text.PendSV_Handler
                0x0800cc30       0x68 ./Middlewares/Third_Party/FreeRTOS/Source/portable/GCC/ARM_CM4F/port.o
                0x0800cc30                PendSV_Handler
 .text.xPortSysTickHandler
                0x0800cc98       0x44 ./Middlewares/Third_Party/FreeRTOS/Source/portable/GCC/ARM_CM4F/port.o
                0x0800cc98                xPortSysTickHandler
 .text.vPortSetupTimerInterrupt
                0x0800ccdc       0x48 ./Middlewares/Third_Party/FreeRTOS/Source/portable/GCC/ARM_CM4F/port.o
                0x0800ccdc                vPortSetupTimerInterrupt
 .text.vPortEnableVFP
                0x0800cd24       0x14 ./Middlewares/Third_Party/FreeRTOS/Source/portable/GCC/ARM_CM4F/port.o
 .text.vPortValidateInterruptPriority
                0x0800cd38       0x84 ./Middlewares/Third_Party/FreeRTOS/Source/portable/GCC/ARM_CM4F/port.o
                0x0800cd38                vPortValidateInterruptPriority
 .text.pvPortMalloc
                0x0800cdbc      0x19c ./Middlewares/Third_Party/FreeRTOS/Source/portable/MemMang/heap_4.o
                0x0800cdbc                pvPortMalloc
 .text.vPortFree
                0x0800cf58       0xc8 ./Middlewares/Third_Party/FreeRTOS/Source/portable/MemMang/heap_4.o
                0x0800cf58                vPortFree
 .text.prvHeapInit
                0x0800d020       0xc4 ./Middlewares/Third_Party/FreeRTOS/Source/portable/MemMang/heap_4.o
 .text.prvInsertBlockIntoFreeList
                0x0800d0e4       0xb4 ./Middlewares/Third_Party/FreeRTOS/Source/portable/MemMang/heap_4.o
 .text.atof     0x0800d198        0x6 C:/ST/STM32CubeIDE_1.19.0/STM32CubeIDE/plugins/com.st.stm32cube.ide.mcu.externaltools.gnu-tools-for-stm32.13.3.rel1.win32_1.0.0.202411081344/tools/bin/../lib/gcc/arm-none-eabi/13.3.1/../../../../arm-none-eabi/lib/thumb/v7e-m+fp/hard\libc_nano.a(libc_a-atof.o)
                0x0800d198                atof
 .text.atoi     0x0800d19e        0x8 C:/ST/STM32CubeIDE_1.19.0/STM32CubeIDE/plugins/com.st.stm32cube.ide.mcu.externaltools.gnu-tools-for-stm32.13.3.rel1.win32_1.0.0.202411081344/tools/bin/../lib/gcc/arm-none-eabi/13.3.1/../../../../arm-none-eabi/lib/thumb/v7e-m+fp/hard\libc_nano.a(libc_a-atoi.o)
                0x0800d19e                atoi
 .text.sulp     0x0800d1a6       0x3c C:/ST/STM32CubeIDE_1.19.0/STM32CubeIDE/plugins/com.st.stm32cube.ide.mcu.externaltools.gnu-tools-for-stm32.13.3.rel1.win32_1.0.0.202411081344/tools/bin/../lib/gcc/arm-none-eabi/13.3.1/../../../../arm-none-eabi/lib/thumb/v7e-m+fp/hard\libc_nano.a(libc_a-strtod.o)
 *fill*         0x0800d1e2        0x6 
 .text._strtod_l
                0x0800d1e8      0xbc8 C:/ST/STM32CubeIDE_1.19.0/STM32CubeIDE/plugins/com.st.stm32cube.ide.mcu.externaltools.gnu-tools-for-stm32.13.3.rel1.win32_1.0.0.202411081344/tools/bin/../lib/gcc/arm-none-eabi/13.3.1/../../../../arm-none-eabi/lib/thumb/v7e-m+fp/hard\libc_nano.a(libc_a-strtod.o)
                0x0800d1e8                _strtod_l
 .text.strtod   0x0800ddb0       0x18 C:/ST/STM32CubeIDE_1.19.0/STM32CubeIDE/plugins/com.st.stm32cube.ide.mcu.externaltools.gnu-tools-for-stm32.13.3.rel1.win32_1.0.0.202411081344/tools/bin/../lib/gcc/arm-none-eabi/13.3.1/../../../../arm-none-eabi/lib/thumb/v7e-m+fp/hard\libc_nano.a(libc_a-strtod.o)
                0x0800ddb0                strtod
 .text._strtol_l.isra.0
                0x0800ddc8       0xf4 C:/ST/STM32CubeIDE_1.19.0/STM32CubeIDE/plugins/com.st.stm32cube.ide.mcu.externaltools.gnu-tools-for-stm32.13.3.rel1.win32_1.0.0.202411081344/tools/bin/../lib/gcc/arm-none-eabi/13.3.1/../../../../arm-none-eabi/lib/thumb/v7e-m+fp/hard\libc_nano.a(libc_a-strtol.o)
 .text._strtol_r
                0x0800debc        0x4 C:/ST/STM32CubeIDE_1.19.0/STM32CubeIDE/plugins/com.st.stm32cube.ide.mcu.externaltools.gnu-tools-for-stm32.13.3.rel1.win32_1.0.0.202411081344/tools/bin/../lib/gcc/arm-none-eabi/13.3.1/../../../../arm-none-eabi/lib/thumb/v7e-m+fp/hard\libc_nano.a(libc_a-strtol.o)
                0x0800debc                _strtol_r
 .text.strtol   0x0800dec0       0x14 C:/ST/STM32CubeIDE_1.19.0/STM32CubeIDE/plugins/com.st.stm32cube.ide.mcu.externaltools.gnu-tools-for-stm32.13.3.rel1.win32_1.0.0.202411081344/tools/bin/../lib/gcc/arm-none-eabi/13.3.1/../../../../arm-none-eabi/lib/thumb/v7e-m+fp/hard\libc_nano.a(libc_a-strtol.o)
                0x0800dec0                strtol
 .text.__cvt    0x0800ded4       0xca C:/ST/STM32CubeIDE_1.19.0/STM32CubeIDE/plugins/com.st.stm32cube.ide.mcu.externaltools.gnu-tools-for-stm32.13.3.rel1.win32_1.0.0.202411081344/tools/bin/../lib/gcc/arm-none-eabi/13.3.1/../../../../arm-none-eabi/lib/thumb/v7e-m+fp/hard\libc_nano.a(libc_a-nano-vfprintf_float.o)
                0x0800ded4                __cvt
 .text.__exponent
                0x0800df9e       0x74 C:/ST/STM32CubeIDE_1.19.0/STM32CubeIDE/plugins/com.st.stm32cube.ide.mcu.externaltools.gnu-tools-for-stm32.13.3.rel1.win32_1.0.0.202411081344/tools/bin/../lib/gcc/arm-none-eabi/13.3.1/../../../../arm-none-eabi/lib/thumb/v7e-m+fp/hard\libc_nano.a(libc_a-nano-vfprintf_float.o)
                0x0800df9e                __exponent
 *fill*         0x0800e012        0x2 
 .text._printf_float
                0x0800e014      0x454 C:/ST/STM32CubeIDE_1.19.0/STM32CubeIDE/plugins/com.st.stm32cube.ide.mcu.externaltools.gnu-tools-for-stm32.13.3.rel1.win32_1.0.0.202411081344/tools/bin/../lib/gcc/arm-none-eabi/13.3.1/../../../../arm-none-eabi/lib/thumb/v7e-m+fp/hard\libc_nano.a(libc_a-nano-vfprintf_float.o)
                0x0800e014                _printf_float
 .text._printf_common
                0x0800e468       0xda C:/ST/STM32CubeIDE_1.19.0/STM32CubeIDE/plugins/com.st.stm32cube.ide.mcu.externaltools.gnu-tools-for-stm32.13.3.rel1.win32_1.0.0.202411081344/tools/bin/../lib/gcc/arm-none-eabi/13.3.1/../../../../arm-none-eabi/lib/thumb/v7e-m+fp/hard\libc_nano.a(libc_a-nano-vfprintf_i.o)
                0x0800e468                _printf_common
 *fill*         0x0800e542        0x2 
 .text._printf_i
                0x0800e544      0x23c C:/ST/STM32CubeIDE_1.19.0/STM32CubeIDE/plugins/com.st.stm32cube.ide.mcu.externaltools.gnu-tools-for-stm32.13.3.rel1.win32_1.0.0.202411081344/tools/bin/../lib/gcc/arm-none-eabi/13.3.1/../../../../arm-none-eabi/lib/thumb/v7e-m+fp/hard\libc_nano.a(libc_a-nano-vfprintf_i.o)
                0x0800e544                _printf_i
 .text.std      0x0800e780       0x6c C:/ST/STM32CubeIDE_1.19.0/STM32CubeIDE/plugins/com.st.stm32cube.ide.mcu.externaltools.gnu-tools-for-stm32.13.3.rel1.win32_1.0.0.202411081344/tools/bin/../lib/gcc/arm-none-eabi/13.3.1/../../../../arm-none-eabi/lib/thumb/v7e-m+fp/hard\libc_nano.a(libc_a-findfp.o)
 .text.stdio_exit_handler
                0x0800e7ec       0x18 C:/ST/STM32CubeIDE_1.19.0/STM32CubeIDE/plugins/com.st.stm32cube.ide.mcu.externaltools.gnu-tools-for-stm32.13.3.rel1.win32_1.0.0.202411081344/tools/bin/../lib/gcc/arm-none-eabi/13.3.1/../../../../arm-none-eabi/lib/thumb/v7e-m+fp/hard\libc_nano.a(libc_a-findfp.o)
 .text.cleanup_stdio
                0x0800e804       0x40 C:/ST/STM32CubeIDE_1.19.0/STM32CubeIDE/plugins/com.st.stm32cube.ide.mcu.externaltools.gnu-tools-for-stm32.13.3.rel1.win32_1.0.0.202411081344/tools/bin/../lib/gcc/arm-none-eabi/13.3.1/../../../../arm-none-eabi/lib/thumb/v7e-m+fp/hard\libc_nano.a(libc_a-findfp.o)
 .text.global_stdio_init.part.0
                0x0800e844       0x3c C:/ST/STM32CubeIDE_1.19.0/STM32CubeIDE/plugins/com.st.stm32cube.ide.mcu.externaltools.gnu-tools-for-stm32.13.3.rel1.win32_1.0.0.202411081344/tools/bin/../lib/gcc/arm-none-eabi/13.3.1/../../../../arm-none-eabi/lib/thumb/v7e-m+fp/hard\libc_nano.a(libc_a-findfp.o)
 .text.__sfp_lock_acquire
                0x0800e880        0xc C:/ST/STM32CubeIDE_1.19.0/STM32CubeIDE/plugins/com.st.stm32cube.ide.mcu.externaltools.gnu-tools-for-stm32.13.3.rel1.win32_1.0.0.202411081344/tools/bin/../lib/gcc/arm-none-eabi/13.3.1/../../../../arm-none-eabi/lib/thumb/v7e-m+fp/hard\libc_nano.a(libc_a-findfp.o)
                0x0800e880                __sfp_lock_acquire
 .text.__sfp_lock_release
                0x0800e88c        0xc C:/ST/STM32CubeIDE_1.19.0/STM32CubeIDE/plugins/com.st.stm32cube.ide.mcu.externaltools.gnu-tools-for-stm32.13.3.rel1.win32_1.0.0.202411081344/tools/bin/../lib/gcc/arm-none-eabi/13.3.1/../../../../arm-none-eabi/lib/thumb/v7e-m+fp/hard\libc_nano.a(libc_a-findfp.o)
                0x0800e88c                __sfp_lock_release
 .text.__sinit  0x0800e898       0x30 C:/ST/STM32CubeIDE_1.19.0/STM32CubeIDE/plugins/com.st.stm32cube.ide.mcu.externaltools.gnu-tools-for-stm32.13.3.rel1.win32_1.0.0.202411081344/tools/bin/../lib/gcc/arm-none-eabi/13.3.1/../../../../arm-none-eabi/lib/thumb/v7e-m+fp/hard\libc_nano.a(libc_a-findfp.o)
                0x0800e898                __sinit
 .text._fwalk_sglue
                0x0800e8c8       0x3c C:/ST/STM32CubeIDE_1.19.0/STM32CubeIDE/plugins/com.st.stm32cube.ide.mcu.externaltools.gnu-tools-for-stm32.13.3.rel1.win32_1.0.0.202411081344/tools/bin/../lib/gcc/arm-none-eabi/13.3.1/../../../../arm-none-eabi/lib/thumb/v7e-m+fp/hard\libc_nano.a(libc_a-fwalk.o)
                0x0800e8c8                _fwalk_sglue
 .text.printf   0x0800e904       0x24 C:/ST/STM32CubeIDE_1.19.0/STM32CubeIDE/plugins/com.st.stm32cube.ide.mcu.externaltools.gnu-tools-for-stm32.13.3.rel1.win32_1.0.0.202411081344/tools/bin/../lib/gcc/arm-none-eabi/13.3.1/../../../../arm-none-eabi/lib/thumb/v7e-m+fp/hard\libc_nano.a(libc_a-printf.o)
                0x0800e904                iprintf
                0x0800e904                printf
 .text.putchar  0x0800e928       0x10 C:/ST/STM32CubeIDE_1.19.0/STM32CubeIDE/plugins/com.st.stm32cube.ide.mcu.externaltools.gnu-tools-for-stm32.13.3.rel1.win32_1.0.0.202411081344/tools/bin/../lib/gcc/arm-none-eabi/13.3.1/../../../../arm-none-eabi/lib/thumb/v7e-m+fp/hard\libc_nano.a(libc_a-putchar.o)
                0x0800e928                putchar
 .text._puts_r  0x0800e938       0xaa C:/ST/STM32CubeIDE_1.19.0/STM32CubeIDE/plugins/com.st.stm32cube.ide.mcu.externaltools.gnu-tools-for-stm32.13.3.rel1.win32_1.0.0.202411081344/tools/bin/../lib/gcc/arm-none-eabi/13.3.1/../../../../arm-none-eabi/lib/thumb/v7e-m+fp/hard\libc_nano.a(libc_a-puts.o)
                0x0800e938                _puts_r
 *fill*         0x0800e9e2        0x2 
 .text.puts     0x0800e9e4       0x10 C:/ST/STM32CubeIDE_1.19.0/STM32CubeIDE/plugins/com.st.stm32cube.ide.mcu.externaltools.gnu-tools-for-stm32.13.3.rel1.win32_1.0.0.202411081344/tools/bin/../lib/gcc/arm-none-eabi/13.3.1/../../../../arm-none-eabi/lib/thumb/v7e-m+fp/hard\libc_nano.a(libc_a-puts.o)
                0x0800e9e4                puts
 .text.snprintf
                0x0800e9f4       0x6c C:/ST/STM32CubeIDE_1.19.0/STM32CubeIDE/plugins/com.st.stm32cube.ide.mcu.externaltools.gnu-tools-for-stm32.13.3.rel1.win32_1.0.0.202411081344/tools/bin/../lib/gcc/arm-none-eabi/13.3.1/../../../../arm-none-eabi/lib/thumb/v7e-m+fp/hard\libc_nano.a(libc_a-snprintf.o)
                0x0800e9f4                sniprintf
                0x0800e9f4                snprintf
 .text.sprintf  0x0800ea60       0x44 C:/ST/STM32CubeIDE_1.19.0/STM32CubeIDE/plugins/com.st.stm32cube.ide.mcu.externaltools.gnu-tools-for-stm32.13.3.rel1.win32_1.0.0.202411081344/tools/bin/../lib/gcc/arm-none-eabi/13.3.1/../../../../arm-none-eabi/lib/thumb/v7e-m+fp/hard\libc_nano.a(libc_a-sprintf.o)
                0x0800ea60                siprintf
                0x0800ea60                sprintf
 .text.sscanf   0x0800eaa4       0x58 C:/ST/STM32CubeIDE_1.19.0/STM32CubeIDE/plugins/com.st.stm32cube.ide.mcu.externaltools.gnu-tools-for-stm32.13.3.rel1.win32_1.0.0.202411081344/tools/bin/../lib/gcc/arm-none-eabi/13.3.1/../../../../arm-none-eabi/lib/thumb/v7e-m+fp/hard\libc_nano.a(libc_a-sscanf.o)
                0x0800eaa4                siscanf
                0x0800eaa4                sscanf
 .text.__sread  0x0800eafc       0x22 C:/ST/STM32CubeIDE_1.19.0/STM32CubeIDE/plugins/com.st.stm32cube.ide.mcu.externaltools.gnu-tools-for-stm32.13.3.rel1.win32_1.0.0.202411081344/tools/bin/../lib/gcc/arm-none-eabi/13.3.1/../../../../arm-none-eabi/lib/thumb/v7e-m+fp/hard\libc_nano.a(libc_a-stdio.o)
                0x0800eafc                __sread
 .text.__seofread
                0x0800eb1e        0x4 C:/ST/STM32CubeIDE_1.19.0/STM32CubeIDE/plugins/com.st.stm32cube.ide.mcu.externaltools.gnu-tools-for-stm32.13.3.rel1.win32_1.0.0.202411081344/tools/bin/../lib/gcc/arm-none-eabi/13.3.1/../../../../arm-none-eabi/lib/thumb/v7e-m+fp/hard\libc_nano.a(libc_a-stdio.o)
                0x0800eb1e                __seofread
 .text.__swrite
                0x0800eb22       0x38 C:/ST/STM32CubeIDE_1.19.0/STM32CubeIDE/plugins/com.st.stm32cube.ide.mcu.externaltools.gnu-tools-for-stm32.13.3.rel1.win32_1.0.0.202411081344/tools/bin/../lib/gcc/arm-none-eabi/13.3.1/../../../../arm-none-eabi/lib/thumb/v7e-m+fp/hard\libc_nano.a(libc_a-stdio.o)
                0x0800eb22                __swrite
 .text.__sseek  0x0800eb5a       0x24 C:/ST/STM32CubeIDE_1.19.0/STM32CubeIDE/plugins/com.st.stm32cube.ide.mcu.externaltools.gnu-tools-for-stm32.13.3.rel1.win32_1.0.0.202411081344/tools/bin/../lib/gcc/arm-none-eabi/13.3.1/../../../../arm-none-eabi/lib/thumb/v7e-m+fp/hard\libc_nano.a(libc_a-stdio.o)
                0x0800eb5a                __sseek
 .text.__sclose
                0x0800eb7e        0x8 C:/ST/STM32CubeIDE_1.19.0/STM32CubeIDE/plugins/com.st.stm32cube.ide.mcu.externaltools.gnu-tools-for-stm32.13.3.rel1.win32_1.0.0.202411081344/tools/bin/../lib/gcc/arm-none-eabi/13.3.1/../../../../arm-none-eabi/lib/thumb/v7e-m+fp/hard\libc_nano.a(libc_a-stdio.o)
                0x0800eb7e                __sclose
 .text.__swbuf_r
                0x0800eb86       0x7c C:/ST/STM32CubeIDE_1.19.0/STM32CubeIDE/plugins/com.st.stm32cube.ide.mcu.externaltools.gnu-tools-for-stm32.13.3.rel1.win32_1.0.0.202411081344/tools/bin/../lib/gcc/arm-none-eabi/13.3.1/../../../../arm-none-eabi/lib/thumb/v7e-m+fp/hard\libc_nano.a(libc_a-wbuf.o)
                0x0800eb86                __swbuf_r
 *fill*         0x0800ec02        0x2 
 .text.__swsetup_r
                0x0800ec04       0xac C:/ST/STM32CubeIDE_1.19.0/STM32CubeIDE/plugins/com.st.stm32cube.ide.mcu.externaltools.gnu-tools-for-stm32.13.3.rel1.win32_1.0.0.202411081344/tools/bin/../lib/gcc/arm-none-eabi/13.3.1/../../../../arm-none-eabi/lib/thumb/v7e-m+fp/hard\libc_nano.a(libc_a-wsetup.o)
                0x0800ec04                __swsetup_r
 .text.memcmp   0x0800ecb0       0x20 C:/ST/STM32CubeIDE_1.19.0/STM32CubeIDE/plugins/com.st.stm32cube.ide.mcu.externaltools.gnu-tools-for-stm32.13.3.rel1.win32_1.0.0.202411081344/tools/bin/../lib/gcc/arm-none-eabi/13.3.1/../../../../arm-none-eabi/lib/thumb/v7e-m+fp/hard\libc_nano.a(libc_a-memcmp.o)
                0x0800ecb0                memcmp
 .text.memmove  0x0800ecd0       0x34 C:/ST/STM32CubeIDE_1.19.0/STM32CubeIDE/plugins/com.st.stm32cube.ide.mcu.externaltools.gnu-tools-for-stm32.13.3.rel1.win32_1.0.0.202411081344/tools/bin/../lib/gcc/arm-none-eabi/13.3.1/../../../../arm-none-eabi/lib/thumb/v7e-m+fp/hard\libc_nano.a(libc_a-memmove.o)
                0x0800ecd0                memmove
 .text.memset   0x0800ed04       0x10 C:/ST/STM32CubeIDE_1.19.0/STM32CubeIDE/plugins/com.st.stm32cube.ide.mcu.externaltools.gnu-tools-for-stm32.13.3.rel1.win32_1.0.0.202411081344/tools/bin/../lib/gcc/arm-none-eabi/13.3.1/../../../../arm-none-eabi/lib/thumb/v7e-m+fp/hard\libc_nano.a(libc_a-memset.o)
                0x0800ed04                memset
 .text.strchr   0x0800ed14       0x1a C:/ST/STM32CubeIDE_1.19.0/STM32CubeIDE/plugins/com.st.stm32cube.ide.mcu.externaltools.gnu-tools-for-stm32.13.3.rel1.win32_1.0.0.202411081344/tools/bin/../lib/gcc/arm-none-eabi/13.3.1/../../../../arm-none-eabi/lib/thumb/v7e-m+fp/hard\libc_nano.a(libc_a-strchr.o)
                0x0800ed14                strchr
 .text.strcspn  0x0800ed2e       0x22 C:/ST/STM32CubeIDE_1.19.0/STM32CubeIDE/plugins/com.st.stm32cube.ide.mcu.externaltools.gnu-tools-for-stm32.13.3.rel1.win32_1.0.0.202411081344/tools/bin/../lib/gcc/arm-none-eabi/13.3.1/../../../../arm-none-eabi/lib/thumb/v7e-m+fp/hard\libc_nano.a(libc_a-strcspn.o)
                0x0800ed2e                strcspn
 .text.strncmp  0x0800ed50       0x24 C:/ST/STM32CubeIDE_1.19.0/STM32CubeIDE/plugins/com.st.stm32cube.ide.mcu.externaltools.gnu-tools-for-stm32.13.3.rel1.win32_1.0.0.202411081344/tools/bin/../lib/gcc/arm-none-eabi/13.3.1/../../../../arm-none-eabi/lib/thumb/v7e-m+fp/hard\libc_nano.a(libc_a-strncmp.o)
                0x0800ed50                strncmp
 .text.strncpy  0x0800ed74       0x26 C:/ST/STM32CubeIDE_1.19.0/STM32CubeIDE/plugins/com.st.stm32cube.ide.mcu.externaltools.gnu-tools-for-stm32.13.3.rel1.win32_1.0.0.202411081344/tools/bin/../lib/gcc/arm-none-eabi/13.3.1/../../../../arm-none-eabi/lib/thumb/v7e-m+fp/hard\libc_nano.a(libc_a-strncpy.o)
                0x0800ed74                strncpy
 *fill*         0x0800ed9a        0x2 
 .text.strtok   0x0800ed9c       0x68 C:/ST/STM32CubeIDE_1.19.0/STM32CubeIDE/plugins/com.st.stm32cube.ide.mcu.externaltools.gnu-tools-for-stm32.13.3.rel1.win32_1.0.0.202411081344/tools/bin/../lib/gcc/arm-none-eabi/13.3.1/../../../../arm-none-eabi/lib/thumb/v7e-m+fp/hard\libc_nano.a(libc_a-strtok.o)
                0x0800ed9c                strtok
 .text.__strtok_r
                0x0800ee04       0x50 C:/ST/STM32CubeIDE_1.19.0/STM32CubeIDE/plugins/com.st.stm32cube.ide.mcu.externaltools.gnu-tools-for-stm32.13.3.rel1.win32_1.0.0.202411081344/tools/bin/../lib/gcc/arm-none-eabi/13.3.1/../../../../arm-none-eabi/lib/thumb/v7e-m+fp/hard\libc_nano.a(libc_a-strtok_r.o)
                0x0800ee04                __strtok_r
 .text.strstr   0x0800ee54       0x2c C:/ST/STM32CubeIDE_1.19.0/STM32CubeIDE/plugins/com.st.stm32cube.ide.mcu.externaltools.gnu-tools-for-stm32.13.3.rel1.win32_1.0.0.202411081344/tools/bin/../lib/gcc/arm-none-eabi/13.3.1/../../../../arm-none-eabi/lib/thumb/v7e-m+fp/hard\libc_nano.a(libc_a-strstr.o)
                0x0800ee54                strstr
 .text.ctime    0x0800ee80        0xe C:/ST/STM32CubeIDE_1.19.0/STM32CubeIDE/plugins/com.st.stm32cube.ide.mcu.externaltools.gnu-tools-for-stm32.13.3.rel1.win32_1.0.0.202411081344/tools/bin/../lib/gcc/arm-none-eabi/13.3.1/../../../../arm-none-eabi/lib/thumb/v7e-m+fp/hard\libc_nano.a(libc_a-ctime.o)
                0x0800ee80                ctime
 *fill*         0x0800ee8e        0x2 
 .text.localtime
                0x0800ee90       0x3c C:/ST/STM32CubeIDE_1.19.0/STM32CubeIDE/plugins/com.st.stm32cube.ide.mcu.externaltools.gnu-tools-for-stm32.13.3.rel1.win32_1.0.0.202411081344/tools/bin/../lib/gcc/arm-none-eabi/13.3.1/../../../../arm-none-eabi/lib/thumb/v7e-m+fp/hard\libc_nano.a(libc_a-lcltime.o)
                0x0800ee90                localtime
 .text.localtime_r
                0x0800eecc      0x1e0 C:/ST/STM32CubeIDE_1.19.0/STM32CubeIDE/plugins/com.st.stm32cube.ide.mcu.externaltools.gnu-tools-for-stm32.13.3.rel1.win32_1.0.0.202411081344/tools/bin/../lib/gcc/arm-none-eabi/13.3.1/../../../../arm-none-eabi/lib/thumb/v7e-m+fp/hard\libc_nano.a(libc_a-lcltime_r.o)
                0x0800eecc                localtime_r
 .text.validate_structure
                0x0800f0ac      0x1a8 C:/ST/STM32CubeIDE_1.19.0/STM32CubeIDE/plugins/com.st.stm32cube.ide.mcu.externaltools.gnu-tools-for-stm32.13.3.rel1.win32_1.0.0.202411081344/tools/bin/../lib/gcc/arm-none-eabi/13.3.1/../../../../arm-none-eabi/lib/thumb/v7e-m+fp/hard\libc_nano.a(libc_a-mktime.o)
 .text.mktime   0x0800f254      0x370 C:/ST/STM32CubeIDE_1.19.0/STM32CubeIDE/plugins/com.st.stm32cube.ide.mcu.externaltools.gnu-tools-for-stm32.13.3.rel1.win32_1.0.0.202411081344/tools/bin/../lib/gcc/arm-none-eabi/13.3.1/../../../../arm-none-eabi/lib/thumb/v7e-m+fp/hard\libc_nano.a(libc_a-mktime.o)
                0x0800f254                mktime
 .text.time     0x0800f5c4       0x38 C:/ST/STM32CubeIDE_1.19.0/STM32CubeIDE/plugins/com.st.stm32cube.ide.mcu.externaltools.gnu-tools-for-stm32.13.3.rel1.win32_1.0.0.202411081344/tools/bin/../lib/gcc/arm-none-eabi/13.3.1/../../../../arm-none-eabi/lib/thumb/v7e-m+fp/hard\libc_nano.a(libc_a-time.o)
                0x0800f5c4                time
 .text.__tzcalc_limits
                0x0800f5fc      0x168 C:/ST/STM32CubeIDE_1.19.0/STM32CubeIDE/plugins/com.st.stm32cube.ide.mcu.externaltools.gnu-tools-for-stm32.13.3.rel1.win32_1.0.0.202411081344/tools/bin/../lib/gcc/arm-none-eabi/13.3.1/../../../../arm-none-eabi/lib/thumb/v7e-m+fp/hard\libc_nano.a(libc_a-tzcalc_limits.o)
                0x0800f5fc                __tzcalc_limits
 .text.__tz_lock
                0x0800f764        0xc C:/ST/STM32CubeIDE_1.19.0/STM32CubeIDE/plugins/com.st.stm32cube.ide.mcu.externaltools.gnu-tools-for-stm32.13.3.rel1.win32_1.0.0.202411081344/tools/bin/../lib/gcc/arm-none-eabi/13.3.1/../../../../arm-none-eabi/lib/thumb/v7e-m+fp/hard\libc_nano.a(libc_a-tzlock.o)
                0x0800f764                __tz_lock
 .text.__tz_unlock
                0x0800f770        0xc C:/ST/STM32CubeIDE_1.19.0/STM32CubeIDE/plugins/com.st.stm32cube.ide.mcu.externaltools.gnu-tools-for-stm32.13.3.rel1.win32_1.0.0.202411081344/tools/bin/../lib/gcc/arm-none-eabi/13.3.1/../../../../arm-none-eabi/lib/thumb/v7e-m+fp/hard\libc_nano.a(libc_a-tzlock.o)
                0x0800f770                __tz_unlock
 .text._tzset_unlocked
                0x0800f77c        0xc C:/ST/STM32CubeIDE_1.19.0/STM32CubeIDE/plugins/com.st.stm32cube.ide.mcu.externaltools.gnu-tools-for-stm32.13.3.rel1.win32_1.0.0.202411081344/tools/bin/../lib/gcc/arm-none-eabi/13.3.1/../../../../arm-none-eabi/lib/thumb/v7e-m+fp/hard\libc_nano.a(libc_a-tzset.o)
                0x0800f77c                _tzset_unlocked
 .text._tzset_unlocked_r
                0x0800f788      0x444 C:/ST/STM32CubeIDE_1.19.0/STM32CubeIDE/plugins/com.st.stm32cube.ide.mcu.externaltools.gnu-tools-for-stm32.13.3.rel1.win32_1.0.0.202411081344/tools/bin/../lib/gcc/arm-none-eabi/13.3.1/../../../../arm-none-eabi/lib/thumb/v7e-m+fp/hard\libc_nano.a(libc_a-tzset_r.o)
                0x0800f788                _tzset_unlocked_r
 .text._localeconv_r
                0x0800fbcc        0x8 C:/ST/STM32CubeIDE_1.19.0/STM32CubeIDE/plugins/com.st.stm32cube.ide.mcu.externaltools.gnu-tools-for-stm32.13.3.rel1.win32_1.0.0.202411081344/tools/bin/../lib/gcc/arm-none-eabi/13.3.1/../../../../arm-none-eabi/lib/thumb/v7e-m+fp/hard\libc_nano.a(libc_a-localeconv.o)
                0x0800fbcc                _localeconv_r
 .text._close_r
                0x0800fbd4       0x20 C:/ST/STM32CubeIDE_1.19.0/STM32CubeIDE/plugins/com.st.stm32cube.ide.mcu.externaltools.gnu-tools-for-stm32.13.3.rel1.win32_1.0.0.202411081344/tools/bin/../lib/gcc/arm-none-eabi/13.3.1/../../../../arm-none-eabi/lib/thumb/v7e-m+fp/hard\libc_nano.a(libc_a-closer.o)
                0x0800fbd4                _close_r
 .text._gettimeofday_r
                0x0800fbf4       0x24 C:/ST/STM32CubeIDE_1.19.0/STM32CubeIDE/plugins/com.st.stm32cube.ide.mcu.externaltools.gnu-tools-for-stm32.13.3.rel1.win32_1.0.0.202411081344/tools/bin/../lib/gcc/arm-none-eabi/13.3.1/../../../../arm-none-eabi/lib/thumb/v7e-m+fp/hard\libc_nano.a(libc_a-gettimeofdayr.o)
                0x0800fbf4                _gettimeofday_r
 .text._lseek_r
                0x0800fc18       0x24 C:/ST/STM32CubeIDE_1.19.0/STM32CubeIDE/plugins/com.st.stm32cube.ide.mcu.externaltools.gnu-tools-for-stm32.13.3.rel1.win32_1.0.0.202411081344/tools/bin/../lib/gcc/arm-none-eabi/13.3.1/../../../../arm-none-eabi/lib/thumb/v7e-m+fp/hard\libc_nano.a(libc_a-lseekr.o)
                0x0800fc18                _lseek_r
 .text._read_r  0x0800fc3c       0x24 C:/ST/STM32CubeIDE_1.19.0/STM32CubeIDE/plugins/com.st.stm32cube.ide.mcu.externaltools.gnu-tools-for-stm32.13.3.rel1.win32_1.0.0.202411081344/tools/bin/../lib/gcc/arm-none-eabi/13.3.1/../../../../arm-none-eabi/lib/thumb/v7e-m+fp/hard\libc_nano.a(libc_a-readr.o)
                0x0800fc3c                _read_r
 .text._write_r
                0x0800fc60       0x24 C:/ST/STM32CubeIDE_1.19.0/STM32CubeIDE/plugins/com.st.stm32cube.ide.mcu.externaltools.gnu-tools-for-stm32.13.3.rel1.win32_1.0.0.202411081344/tools/bin/../lib/gcc/arm-none-eabi/13.3.1/../../../../arm-none-eabi/lib/thumb/v7e-m+fp/hard\libc_nano.a(libc_a-writer.o)
                0x0800fc60                _write_r
 .text.__errno  0x0800fc84        0xc C:/ST/STM32CubeIDE_1.19.0/STM32CubeIDE/plugins/com.st.stm32cube.ide.mcu.externaltools.gnu-tools-for-stm32.13.3.rel1.win32_1.0.0.202411081344/tools/bin/../lib/gcc/arm-none-eabi/13.3.1/../../../../arm-none-eabi/lib/thumb/v7e-m+fp/hard\libc_nano.a(libc_a-errno.o)
                0x0800fc84                __errno
 .text.__libc_init_array
                0x0800fc90       0x48 C:/ST/STM32CubeIDE_1.19.0/STM32CubeIDE/plugins/com.st.stm32cube.ide.mcu.externaltools.gnu-tools-for-stm32.13.3.rel1.win32_1.0.0.202411081344/tools/bin/../lib/gcc/arm-none-eabi/13.3.1/../../../../arm-none-eabi/lib/thumb/v7e-m+fp/hard\libc_nano.a(libc_a-init.o)
                0x0800fc90                __libc_init_array
 .text.__retarget_lock_init_recursive
                0x0800fcd8        0x2 C:/ST/STM32CubeIDE_1.19.0/STM32CubeIDE/plugins/com.st.stm32cube.ide.mcu.externaltools.gnu-tools-for-stm32.13.3.rel1.win32_1.0.0.202411081344/tools/bin/../lib/gcc/arm-none-eabi/13.3.1/../../../../arm-none-eabi/lib/thumb/v7e-m+fp/hard\libc_nano.a(libc_a-lock.o)
                0x0800fcd8                __retarget_lock_init_recursive
 .text.__retarget_lock_acquire
                0x0800fcda        0x2 C:/ST/STM32CubeIDE_1.19.0/STM32CubeIDE/plugins/com.st.stm32cube.ide.mcu.externaltools.gnu-tools-for-stm32.13.3.rel1.win32_1.0.0.202411081344/tools/bin/../lib/gcc/arm-none-eabi/13.3.1/../../../../arm-none-eabi/lib/thumb/v7e-m+fp/hard\libc_nano.a(libc_a-lock.o)
                0x0800fcda                __retarget_lock_acquire
 .text.__retarget_lock_acquire_recursive
                0x0800fcdc        0x2 C:/ST/STM32CubeIDE_1.19.0/STM32CubeIDE/plugins/com.st.stm32cube.ide.mcu.externaltools.gnu-tools-for-stm32.13.3.rel1.win32_1.0.0.202411081344/tools/bin/../lib/gcc/arm-none-eabi/13.3.1/../../../../arm-none-eabi/lib/thumb/v7e-m+fp/hard\libc_nano.a(libc_a-lock.o)
                0x0800fcdc                __retarget_lock_acquire_recursive
 .text.__retarget_lock_release
                0x0800fcde        0x2 C:/ST/STM32CubeIDE_1.19.0/STM32CubeIDE/plugins/com.st.stm32cube.ide.mcu.externaltools.gnu-tools-for-stm32.13.3.rel1.win32_1.0.0.202411081344/tools/bin/../lib/gcc/arm-none-eabi/13.3.1/../../../../arm-none-eabi/lib/thumb/v7e-m+fp/hard\libc_nano.a(libc_a-lock.o)
                0x0800fcde                __retarget_lock_release
 .text.__retarget_lock_release_recursive
                0x0800fce0        0x2 C:/ST/STM32CubeIDE_1.19.0/STM32CubeIDE/plugins/com.st.stm32cube.ide.mcu.externaltools.gnu-tools-for-stm32.13.3.rel1.win32_1.0.0.202411081344/tools/bin/../lib/gcc/arm-none-eabi/13.3.1/../../../../arm-none-eabi/lib/thumb/v7e-m+fp/hard\libc_nano.a(libc_a-lock.o)
                0x0800fce0                __retarget_lock_release_recursive
 .text.strcpy   0x0800fce2       0x10 C:/ST/STM32CubeIDE_1.19.0/STM32CubeIDE/plugins/com.st.stm32cube.ide.mcu.externaltools.gnu-tools-for-stm32.13.3.rel1.win32_1.0.0.202411081344/tools/bin/../lib/gcc/arm-none-eabi/13.3.1/../../../../arm-none-eabi/lib/thumb/v7e-m+fp/hard\libc_nano.a(libc_a-strcpy.o)
                0x0800fce2                strcpy
 .text.memcpy   0x0800fcf2       0x1c C:/ST/STM32CubeIDE_1.19.0/STM32CubeIDE/plugins/com.st.stm32cube.ide.mcu.externaltools.gnu-tools-for-stm32.13.3.rel1.win32_1.0.0.202411081344/tools/bin/../lib/gcc/arm-none-eabi/13.3.1/../../../../arm-none-eabi/lib/thumb/v7e-m+fp/hard\libc_nano.a(libc_a-memcpy-stub.o)
                0x0800fcf2                memcpy
 *fill*         0x0800fd0e        0x2 
 .text.nan      0x0800fd10       0x10 C:/ST/STM32CubeIDE_1.19.0/STM32CubeIDE/plugins/com.st.stm32cube.ide.mcu.externaltools.gnu-tools-for-stm32.13.3.rel1.win32_1.0.0.202411081344/tools/bin/../lib/gcc/arm-none-eabi/13.3.1/../../../../arm-none-eabi/lib/thumb/v7e-m+fp/hard\libc_nano.a(libm_a-s_nan.o)
                0x0800fd10                nan
 .text.__assert_func
                0x0800fd20       0x3c C:/ST/STM32CubeIDE_1.19.0/STM32CubeIDE/plugins/com.st.stm32cube.ide.mcu.externaltools.gnu-tools-for-stm32.13.3.rel1.win32_1.0.0.202411081344/tools/bin/../lib/gcc/arm-none-eabi/13.3.1/../../../../arm-none-eabi/lib/thumb/v7e-m+fp/hard\libc_nano.a(libc_a-assert.o)
                0x0800fd20                __assert_func
 .text.div      0x0800fd5c       0x10 C:/ST/STM32CubeIDE_1.19.0/STM32CubeIDE/plugins/com.st.stm32cube.ide.mcu.externaltools.gnu-tools-for-stm32.13.3.rel1.win32_1.0.0.202411081344/tools/bin/../lib/gcc/arm-none-eabi/13.3.1/../../../../arm-none-eabi/lib/thumb/v7e-m+fp/hard\libc_nano.a(libc_a-div.o)
                0x0800fd5c                div
 .text.quorem   0x0800fd6c      0x110 C:/ST/STM32CubeIDE_1.19.0/STM32CubeIDE/plugins/com.st.stm32cube.ide.mcu.externaltools.gnu-tools-for-stm32.13.3.rel1.win32_1.0.0.202411081344/tools/bin/../lib/gcc/arm-none-eabi/13.3.1/../../../../arm-none-eabi/lib/thumb/v7e-m+fp/hard\libc_nano.a(libc_a-dtoa.o)
 *fill*         0x0800fe7c        0x4 
 .text._dtoa_r  0x0800fe80      0xba0 C:/ST/STM32CubeIDE_1.19.0/STM32CubeIDE/plugins/com.st.stm32cube.ide.mcu.externaltools.gnu-tools-for-stm32.13.3.rel1.win32_1.0.0.202411081344/tools/bin/../lib/gcc/arm-none-eabi/13.3.1/../../../../arm-none-eabi/lib/thumb/v7e-m+fp/hard\libc_nano.a(libc_a-dtoa.o)
                0x0800fe80                _dtoa_r
 .text._free_r  0x08010a20       0x94 C:/ST/STM32CubeIDE_1.19.0/STM32CubeIDE/plugins/com.st.stm32cube.ide.mcu.externaltools.gnu-tools-for-stm32.13.3.rel1.win32_1.0.0.202411081344/tools/bin/../lib/gcc/arm-none-eabi/13.3.1/../../../../arm-none-eabi/lib/thumb/v7e-m+fp/hard\libc_nano.a(libc_a-freer.o)
                0x08010a20                _free_r
 .text.rshift   0x08010ab4       0xa4 C:/ST/STM32CubeIDE_1.19.0/STM32CubeIDE/plugins/com.st.stm32cube.ide.mcu.externaltools.gnu-tools-for-stm32.13.3.rel1.win32_1.0.0.202411081344/tools/bin/../lib/gcc/arm-none-eabi/13.3.1/../../../../arm-none-eabi/lib/thumb/v7e-m+fp/hard\libc_nano.a(libc_a-gdtoa-gethex.o)
 .text.__hexdig_fun
                0x08010b58       0x2a C:/ST/STM32CubeIDE_1.19.0/STM32CubeIDE/plugins/com.st.stm32cube.ide.mcu.externaltools.gnu-tools-for-stm32.13.3.rel1.win32_1.0.0.202411081344/tools/bin/../lib/gcc/arm-none-eabi/13.3.1/../../../../arm-none-eabi/lib/thumb/v7e-m+fp/hard\libc_nano.a(libc_a-gdtoa-gethex.o)
                0x08010b58                __hexdig_fun
 *fill*         0x08010b82        0x2 
 .text.__gethex
                0x08010b84      0x420 C:/ST/STM32CubeIDE_1.19.0/STM32CubeIDE/plugins/com.st.stm32cube.ide.mcu.externaltools.gnu-tools-for-stm32.13.3.rel1.win32_1.0.0.202411081344/tools/bin/../lib/gcc/arm-none-eabi/13.3.1/../../../../arm-none-eabi/lib/thumb/v7e-m+fp/hard\libc_nano.a(libc_a-gdtoa-gethex.o)
                0x08010b84                __gethex
 .text.L_shift  0x08010fa4       0x24 C:/ST/STM32CubeIDE_1.19.0/STM32CubeIDE/plugins/com.st.stm32cube.ide.mcu.externaltools.gnu-tools-for-stm32.13.3.rel1.win32_1.0.0.202411081344/tools/bin/../lib/gcc/arm-none-eabi/13.3.1/../../../../arm-none-eabi/lib/thumb/v7e-m+fp/hard\libc_nano.a(libc_a-gdtoa-hexnan.o)
 .text.__match  0x08010fc8       0x28 C:/ST/STM32CubeIDE_1.19.0/STM32CubeIDE/plugins/com.st.stm32cube.ide.mcu.externaltools.gnu-tools-for-stm32.13.3.rel1.win32_1.0.0.202411081344/tools/bin/../lib/gcc/arm-none-eabi/13.3.1/../../../../arm-none-eabi/lib/thumb/v7e-m+fp/hard\libc_nano.a(libc_a-gdtoa-hexnan.o)
                0x08010fc8                __match
 .text.__hexnan
                0x08010ff0      0x136 C:/ST/STM32CubeIDE_1.19.0/STM32CubeIDE/plugins/com.st.stm32cube.ide.mcu.externaltools.gnu-tools-for-stm32.13.3.rel1.win32_1.0.0.202411081344/tools/bin/../lib/gcc/arm-none-eabi/13.3.1/../../../../arm-none-eabi/lib/thumb/v7e-m+fp/hard\libc_nano.a(libc_a-gdtoa-hexnan.o)
                0x08010ff0                __hexnan
 *fill*         0x08011126        0x2 
 .text._findenv_r
                0x08011128       0x78 C:/ST/STM32CubeIDE_1.19.0/STM32CubeIDE/plugins/com.st.stm32cube.ide.mcu.externaltools.gnu-tools-for-stm32.13.3.rel1.win32_1.0.0.202411081344/tools/bin/../lib/gcc/arm-none-eabi/13.3.1/../../../../arm-none-eabi/lib/thumb/v7e-m+fp/hard\libc_nano.a(libc_a-getenv_r.o)
                0x08011128                _findenv_r
 .text._getenv_r
                0x080111a0        0xe C:/ST/STM32CubeIDE_1.19.0/STM32CubeIDE/plugins/com.st.stm32cube.ide.mcu.externaltools.gnu-tools-for-stm32.13.3.rel1.win32_1.0.0.202411081344/tools/bin/../lib/gcc/arm-none-eabi/13.3.1/../../../../arm-none-eabi/lib/thumb/v7e-m+fp/hard\libc_nano.a(libc_a-getenv_r.o)
                0x080111a0                _getenv_r
 *fill*         0x080111ae        0x2 
 .text.malloc   0x080111b0       0x10 C:/ST/STM32CubeIDE_1.19.0/STM32CubeIDE/plugins/com.st.stm32cube.ide.mcu.externaltools.gnu-tools-for-stm32.13.3.rel1.win32_1.0.0.202411081344/tools/bin/../lib/gcc/arm-none-eabi/13.3.1/../../../../arm-none-eabi/lib/thumb/v7e-m+fp/hard\libc_nano.a(libc_a-malloc.o)
                0x080111b0                malloc
 .text.free     0x080111c0       0x10 C:/ST/STM32CubeIDE_1.19.0/STM32CubeIDE/plugins/com.st.stm32cube.ide.mcu.externaltools.gnu-tools-for-stm32.13.3.rel1.win32_1.0.0.202411081344/tools/bin/../lib/gcc/arm-none-eabi/13.3.1/../../../../arm-none-eabi/lib/thumb/v7e-m+fp/hard\libc_nano.a(libc_a-malloc.o)
                0x080111c0                free
 .text.sbrk_aligned