../Core/Src/esp.c:32:5:esp_at_command	24	static
../Core/Src/esp.c:69:5:esp_read_line	40	static
../Core/Src/esp.c:107:12:esp_reset	16	static
../Core/Src/esp.c:119:12:esp_get_ip_addr	32	static
../Core/Src/esp.c:166:12:request_ip_addr	32	static
../Core/Src/esp.c:203:5:esp_client_conn	320	static
../Core/Src/esp.c:245:5:esp_get_status	16	static
../Core/Src/esp.c:267:6:drv_esp_init	16	static
../Core/Src/esp.c:282:6:reset_func	8	static
../Core/Src/esp.c:291:6:version_func	16	static
../Core/Src/esp.c:304:6:ap_conn_func	96	static
../Core/Src/esp.c:330:6:ip_state_func	16	static
../Core/Src/esp.c:346:6:HAL_UART_RxCpltCallback	16	static
../Core/Src/esp.c:377:6:AiotClient_Init	16	static
../Core/Src/esp.c:394:6:esp_send_data	88	static
../Core/Src/esp.c:407:5:drv_uart_init	8	static
../Core/Src/esp.c:413:5:drv_uart_tx_buffer	16	static
../Core/Src/esp.c:420:5:__io_putchar	16	static
../Core/Src/esp.c:428:5:parse_cipsntptime_line	112	static
../Core/Src/esp.c:471:5:esp_ntp_config	136	static
../Core/Src/esp.c:482:5:esp_link1_tcp_probe	152	static
../Core/Src/esp.c:501:5:esp_is_wifi_ready	16	static
