../Core/Src/lcd.c:16:6:LCD_Init	8	static
../Core/Src/lcd.c:41:6:LCD_Clear	8	static
../Core/Src/lcd.c:47:6:LCD_SetCursor	16	static
../Core/Src/lcd.c:54:6:LCD_Print	16	static
../Core/Src/lcd.c:62:6:LCD_Printf	48	static
../Core/Src/lcd.c:73:13:LCD_SendCmd	16	static
../Core/Src/lcd.c:78:13:LCD_SendData	16	static
../Core/Src/lcd.c:83:13:LCD_Send	24	static
../Core/Src/lcd.c:92:13:LCD_Write4Bits	16	static
../Core/Src/lcd.c:98:13:LCD_ExpanderWrite	32	static
../Core/Src/lcd.c:104:13:LCD_PulseEnable	16	static
