../Core/Src/main.c:191:5:main	16	static
../Core/Src/main.c:322:6:SystemClock_Config	88	static
../Core/Src/main.c:369:13:MX_I2C1_Init	8	static
../Core/Src/main.c:403:13:MX_RTC_Init	72	static
../Core/Src/main.c:485:13:MX_SPI1_Init	8	static
../Core/Src/main.c:523:13:MX_TIM1_Init	96	static
../Core/Src/main.c:598:13:MX_USART2_UART_Init	8	static
../Core/Src/main.c:631:13:MX_USART6_UART_Init	8	static
../Core/Src/main.c:664:13:MX_GPIO_Init	48	static
../Core/Src/main.c:731:6:Error_Handler	4	static,ignoring_inline_asm
