../Core/Src/esp.c:33:5:esp_at_command	24	static
../Core/Src/esp.c:71:5:esp_read_line	40	static
../Core/Src/esp.c:109:12:esp_reset	16	static
../Core/Src/esp.c:121:12:esp_get_ip_addr	32	static
../Core/Src/esp.c:168:12:request_ip_addr	32	static
../Core/Src/esp.c:205:5:esp_client_conn	80	static
../Core/Src/esp.c:215:5:esp_get_status	16	static
../Core/Src/esp.c:227:6:drv_esp_init	16	static
../Core/Src/esp.c:242:6:reset_func	8	static
../Core/Src/esp.c:251:6:version_func	16	static
../Core/Src/esp.c:264:6:ap_conn_func	88	static
../Core/Src/esp.c:280:6:ip_state_func	16	static
../Core/Src/esp.c:296:6:HAL_UART_RxCpltCallback	16	static
../Core/Src/esp.c:327:6:AiotClient_Init	8	static
../Core/Src/esp.c:339:6:esp_send_data	88	static
../Core/Src/esp.c:351:5:drv_uart_init	8	static
../Core/Src/esp.c:357:5:drv_uart_tx_buffer	16	static
../Core/Src/esp.c:364:5:__io_putchar	16	static
../Core/Src/esp.c:372:5:parse_cipsntptime_line	112	static
../Core/Src/esp.c:415:5:esp_ntp_config	136	static
