../Core/Src/main.c:142:5:main	16	static
../Core/Src/main.c:257:6:SystemClock_Config	88	static
../Core/Src/main.c:304:13:MX_RTC_Init	72	static
../Core/Src/main.c:386:13:MX_TIM3_Init	32	static
../Core/Src/main.c:431:13:MX_USART2_UART_Init	8	static
../Core/Src/main.c:464:13:MX_USART6_UART_Init	8	static
../Core/Src/main.c:497:13:MX_GPIO_Init	48	static
../Core/Src/main.c:540:6:MX_GPIO_LED_ON	16	static
../Core/Src/main.c:544:6:MX_GPIO_LED_OFF	16	static
../Core/Src/main.c:548:6:MX_GPIO_FAN_ON	16	static
../Core/Src/main.c:552:6:MX_GPIO_FAN_OFF	16	static
../Core/Src/main.c:558:6:HAL_TIM_PeriodElapsedCallback	16	static
../Core/Src/main.c:576:6:Error_Handler	4	static,ignoring_inline_asm
