15:06:16 **** Build of configuration Debug for project nucleo_f411re_uart2_printf_uart6_wifi ****
make -j16 all 
arm-none-eabi-gcc "../Core/Src/Weather_Task.c" -mcpu=cortex-m4 -std=gnu11 -g3 -DDEBUG -DUSE_HAL_DRIVER -DSTM32F411xE -c -I../Core/Inc -I../Drivers/STM32F4xx_HAL_Driver/Inc -I../Drivers/STM32F4xx_HAL_Driver/Inc/Legacy -I../Drivers/CMSIS/Device/ST/STM32F4xx/Include -I../Drivers/CMSIS/Include -I../Middlewares/Third_Party/FreeRTOS/Source/include -I../Middlewares/Third_Party/FreeRTOS/Source/CMSIS_RTOS_V2 -I../Middlewares/Third_Party/FreeRTOS/Source/portable/GCC/ARM_CM4F -O0 -ffunction-sections -fdata-sections -Wall -fstack-usage -fcyclomatic-complexity -MMD -MP -MF"Core/Src/Weather_Task.d" -MT"Core/Src/Weather_Task.o" --specs=nano.specs -mfpu=fpv4-sp-d16 -mfloat-abi=hard -mthumb -o "Core/Src/Weather_Task.o"
arm-none-eabi-gcc -o "nucleo_f411re_uart2_printf_uart6_wifi.elf" @"objects.list"   -mcpu=cortex-m4 -T"C:\Users\kim20\Desktop\백업파일\NTP+명령+날씨(정확)_0820\STM32F411RETX_FLASH.ld" --specs=nosys.specs -Wl,-Map="nucleo_f411re_uart2_printf_uart6_wifi.map" -Wl,--gc-sections -static --specs=nano.specs -mfpu=fpv4-sp-d16 -mfloat-abi=hard -mthumb -Wl,--start-group -lc -lm -Wl,--end-group
Finished building target: nucleo_f411re_uart2_printf_uart6_wifi.elf
 
arm-none-eabi-size  nucleo_f411re_uart2_printf_uart6_wifi.elf 
arm-none-eabi-objdump -h -S nucleo_f411re_uart2_printf_uart6_wifi.elf  > "nucleo_f411re_uart2_printf_uart6_wifi.list"
   text	   data	    bss	    dec	    hex	filename
  51088	    216	  23136	  74440	  122c8	nucleo_f411re_uart2_printf_uart6_wifi.elf
Finished building: default.size.stdout
 
Finished building: nucleo_f411re_uart2_printf_uart6_wifi.list
 

15:06:18 Build Finished. 0 errors, 0 warnings. (took 1s.410ms)

