../Core/Src/main.c:172:5:main	16	static
../Core/Src/main.c:297:6:SystemClock_Config	88	static
../Core/Src/main.c:344:13:MX_I2C1_Init	8	static
../Core/Src/main.c:378:13:MX_RTC_Init	72	static
../Core/Src/main.c:460:13:MX_SPI1_Init	8	static
../Core/Src/main.c:498:13:MX_TIM1_Init	96	static
../Core/Src/main.c:573:13:MX_USART2_UART_Init	8	static
../Core/Src/main.c:606:13:MX_USART6_UART_Init	8	static
../Core/Src/main.c:639:13:MX_GPIO_Init	48	static
../Core/Src/main.c:700:6:Error_Handler	4	static,ignoring_inline_asm
