../Core/Src/esp.c:35:5:esp_at_command	24	static
../Core/Src/esp.c:73:5:esp_read_line	40	static
../Core/Src/esp.c:111:12:esp_reset	16	static
../Core/Src/esp.c:123:12:esp_get_ip_addr	32	static
../Core/Src/esp.c:170:12:request_ip_addr	32	static
../Core/Src/esp.c:207:5:esp_client_conn	80	static
../Core/Src/esp.c:217:5:esp_get_status	16	static
../Core/Src/esp.c:228:5:drv_esp_init	8	static
../Core/Src/esp.c:235:6:reset_func	8	static
../Core/Src/esp.c:244:6:version_func	16	static
../Core/Src/esp.c:257:6:ap_conn_func	88	static
../Core/Src/esp.c:273:6:ip_state_func	16	static
../Core/Src/esp.c:289:6:HAL_UART_RxCpltCallback	16	static
../Core/Src/esp.c:324:6:AiotClient_Init	8	static
../Core/Src/esp.c:336:6:esp_send_data	88	static
../Core/Src/esp.c:348:5:drv_uart_init	8	static
../Core/Src/esp.c:354:5:drv_uart_tx_buffer	16	static
../Core/Src/esp.c:361:5:__io_putchar	16	static
../Core/Src/esp.c:369:5:parse_cipsntptime_line	112	static
../Core/Src/esp.c:412:5:esp_ntp_config	136	static
